Timing Analyzer report for WholeThing
Tue Nov 28 23:28:50 2023
Quartus Prime Version 22.1std.2 Build 922 07/20/2023 SC Lite Edition


---------------------
; Table of Contents ;
---------------------
  1. Legal Notice
  2. Timing Analyzer Summary
  3. Parallel Compilation
  4. Clocks
  5. Fmax Summary
  6. Setup Summary
  7. Hold Summary
  8. Recovery Summary
  9. Removal Summary
 10. Minimum Pulse Width Summary
 11. Setup: 'inst87'
 12. Setup: '74163:inst29|f74163:sub|111'
 13. Setup: '74163:inst30|f74163:sub|134'
 14. Setup: 'inst86'
 15. Setup: 'HighFreqClock'
 16. Hold: '74163:inst30|f74163:sub|134'
 17. Hold: '74163:inst29|f74163:sub|111'
 18. Hold: 'inst87'
 19. Hold: 'HighFreqClock'
 20. Hold: 'inst86'
 21. Recovery: '74163:inst29|f74163:sub|111'
 22. Removal: '74163:inst29|f74163:sub|111'
 23. Setup Transfers
 24. Hold Transfers
 25. Recovery Transfers
 26. Removal Transfers
 27. Report TCCS
 28. Report RSKM
 29. Unconstrained Paths Summary
 30. Clock Status Summary
 31. Unconstrained Input Ports
 32. Unconstrained Output Ports
 33. Unconstrained Input Ports
 34. Unconstrained Output Ports
 35. Timing Analyzer Messages



----------------
; Legal Notice ;
----------------
Copyright (C) 2023  Intel Corporation. All rights reserved.
Your use of Intel Corporation's design tools, logic functions 
and other software and tools, and any partner logic 
functions, and any output files from any of the foregoing 
(including device programming or simulation files), and any 
associated documentation or information are expressly subject 
to the terms and conditions of the Intel Program License 
Subscription Agreement, the Intel Quartus Prime License Agreement,
the Intel FPGA IP License Agreement, or other applicable license
agreement, including, without limitation, that your use is for
the sole purpose of programming logic devices manufactured by
Intel and sold by Intel or its authorized distributors.  Please
refer to the applicable agreement for further details, at
https://fpgasoftware.intel.com/eula.



+--------------------------------------------------------------------------------+
; Timing Analyzer Summary                                                        ;
+-----------------------+--------------------------------------------------------+
; Quartus Prime Version ; Version 22.1std.2 Build 922 07/20/2023 SC Lite Edition ;
; Timing Analyzer       ; Legacy Timing Analyzer                                 ;
; Revision Name         ; WholeThing                                             ;
; Device Family         ; MAX II                                                 ;
; Device Name           ; EPM240T100C5                                           ;
; Timing Models         ; Final                                                  ;
; Delay Model           ; Slow Model                                             ;
; Rise/Fall Delays      ; Unavailable                                            ;
+-----------------------+--------------------------------------------------------+


+------------------------------------------+
; Parallel Compilation                     ;
+----------------------------+-------------+
; Processors                 ; Number      ;
+----------------------------+-------------+
; Number detected on machine ; 8           ;
; Maximum allowed            ; 4           ;
;                            ;             ;
; Average used               ; 1.00        ;
; Maximum used               ; 2           ;
;                            ;             ;
; Usage by Processor         ; % Time Used ;
;     Processor 1            ; 100.0%      ;
;     Processor 2            ;   0.0%      ;
+----------------------------+-------------+


+--------------------------------------------------------------------------------------------------------------------------------------------------------------------------------------------------------------------------+
; Clocks                                                                                                                                                                                                                   ;
+-----------------------------+------+--------+------------+-------+-------+------------+-----------+-------------+-------+--------+-----------+------------+----------+--------+--------+---------------------------------+
; Clock Name                  ; Type ; Period ; Frequency  ; Rise  ; Fall  ; Duty Cycle ; Divide by ; Multiply by ; Phase ; Offset ; Edge List ; Edge Shift ; Inverted ; Master ; Source ; Targets                         ;
+-----------------------------+------+--------+------------+-------+-------+------------+-----------+-------------+-------+--------+-----------+------------+----------+--------+--------+---------------------------------+
; 74163:inst29|f74163:sub|111 ; Base ; 1.000  ; 1000.0 MHz ; 0.000 ; 0.500 ;            ;           ;             ;       ;        ;           ;            ;          ;        ;        ; { 74163:inst29|f74163:sub|111 } ;
; 74163:inst30|f74163:sub|134 ; Base ; 1.000  ; 1000.0 MHz ; 0.000 ; 0.500 ;            ;           ;             ;       ;        ;           ;            ;          ;        ;        ; { 74163:inst30|f74163:sub|134 } ;
; HighFreqClock               ; Base ; 1.000  ; 1000.0 MHz ; 0.000 ; 0.500 ;            ;           ;             ;       ;        ;           ;            ;          ;        ;        ; { HighFreqClock }               ;
; inst86                      ; Base ; 1.000  ; 1000.0 MHz ; 0.000 ; 0.500 ;            ;           ;             ;       ;        ;           ;            ;          ;        ;        ; { inst86 }                      ;
; inst87                      ; Base ; 1.000  ; 1000.0 MHz ; 0.000 ; 0.500 ;            ;           ;             ;       ;        ;           ;            ;          ;        ;        ; { inst87 }                      ;
+-----------------------------+------+--------+------------+-------+-------+------------+-----------+-------------+-------+--------+-----------+------------+----------+--------+--------+---------------------------------+


+--------------------------------------------------------------------------------------+
; Fmax Summary                                                                         ;
+------------+-----------------+-----------------------------+-------------------------+
; Fmax       ; Restricted Fmax ; Clock Name                  ; Note                    ;
+------------+-----------------+-----------------------------+-------------------------+
; 134.99 MHz ; 134.99 MHz      ; inst87                      ;                         ;
; 225.02 MHz ; 225.02 MHz      ; 74163:inst29|f74163:sub|111 ;                         ;
; 225.02 MHz ; 113.25 MHz      ; 74163:inst30|f74163:sub|134 ; limit due to hold check ;
+------------+-----------------+-----------------------------+-------------------------+
This panel reports FMAX for every clock in the design, regardless of the user-specified clock periods.  FMAX is only computed for paths where the source and destination registers or ports are driven by the same clock.  Paths of different clocks, including generated clocks, are ignored.  For paths between a clock and its inversion, FMAX is computed as if the rising and falling edges are scaled along with FMAX, such that the duty cycle (in terms of a percentage) is maintained. Altera recommends that you always use clock constraints and other slack reports for sign-off analysis.


+------------------------------------------------------+
; Setup Summary                                        ;
+-----------------------------+--------+---------------+
; Clock                       ; Slack  ; End Point TNS ;
+-----------------------------+--------+---------------+
; inst87                      ; -8.556 ; -74.338       ;
; 74163:inst29|f74163:sub|111 ; -5.293 ; -31.192       ;
; 74163:inst30|f74163:sub|134 ; -3.444 ; -14.149       ;
; inst86                      ; 0.466  ; 0.000         ;
; HighFreqClock               ; 3.125  ; 0.000         ;
+-----------------------------+--------+---------------+


+------------------------------------------------------+
; Hold Summary                                         ;
+-----------------------------+--------+---------------+
; Clock                       ; Slack  ; End Point TNS ;
+-----------------------------+--------+---------------+
; 74163:inst30|f74163:sub|134 ; -4.415 ; -11.851       ;
; 74163:inst29|f74163:sub|111 ; -3.766 ; -10.070       ;
; inst87                      ; -3.467 ; -11.662       ;
; HighFreqClock               ; -3.179 ; -3.179        ;
; inst86                      ; -0.520 ; -0.520        ;
+-----------------------------+--------+---------------+


+------------------------------------------------------+
; Recovery Summary                                     ;
+-----------------------------+--------+---------------+
; Clock                       ; Slack  ; End Point TNS ;
+-----------------------------+--------+---------------+
; 74163:inst29|f74163:sub|111 ; -6.107 ; -6.107        ;
+-----------------------------+--------+---------------+


+------------------------------------------------------+
; Removal Summary                                      ;
+-----------------------------+--------+---------------+
; Clock                       ; Slack  ; End Point TNS ;
+-----------------------------+--------+---------------+
; 74163:inst29|f74163:sub|111 ; -2.700 ; -2.700        ;
+-----------------------------+--------+---------------+


+------------------------------------------------------+
; Minimum Pulse Width Summary                          ;
+-----------------------------+--------+---------------+
; Clock                       ; Slack  ; End Point TNS ;
+-----------------------------+--------+---------------+
; HighFreqClock               ; -2.289 ; -2.289        ;
; 74163:inst29|f74163:sub|111 ; 0.234  ; 0.000         ;
; 74163:inst30|f74163:sub|134 ; 0.234  ; 0.000         ;
; inst86                      ; 0.234  ; 0.000         ;
; inst87                      ; 0.234  ; 0.000         ;
+-----------------------------+--------+---------------+


+---------------------------------------------------------------------------------------------------------------------------------------------------------+
; Setup: 'inst87'                                                                                                                                         ;
+--------+-----------------------------+-----------------------------+-----------------------------+-------------+--------------+------------+------------+
; Slack  ; From Node                   ; To Node                     ; Launch Clock                ; Latch Clock ; Relationship ; Clock Skew ; Data Delay ;
+--------+-----------------------------+-----------------------------+-----------------------------+-------------+--------------+------------+------------+
; -8.556 ; 74163:inst30|f74163:sub|34  ; 74163:inst29|f74163:sub|111 ; 74163:inst30|f74163:sub|134 ; inst87      ; 1.000        ; -4.031     ; 5.192      ;
; -8.257 ; 74163:inst30|f74163:sub|34  ; 74163:inst29|f74163:sub|122 ; 74163:inst30|f74163:sub|134 ; inst87      ; 1.000        ; -4.031     ; 4.893      ;
; -8.156 ; 74163:inst30|f74163:sub|34  ; 74163:inst28|f74163:sub|122 ; 74163:inst30|f74163:sub|134 ; inst87      ; 1.000        ; -3.407     ; 5.416      ;
; -8.152 ; 74163:inst30|f74163:sub|34  ; 74163:inst29|f74163:sub|34  ; 74163:inst30|f74163:sub|134 ; inst87      ; 1.000        ; -4.031     ; 4.788      ;
; -6.922 ; 74163:inst30|f74163:sub|34  ; 74163:inst28|f74163:sub|111 ; 74163:inst30|f74163:sub|134 ; inst87      ; 1.000        ; -3.407     ; 4.182      ;
; -6.707 ; 74163:inst30|f74163:sub|34  ; 74163:inst29|f74163:sub|111 ; 74163:inst29|f74163:sub|111 ; inst87      ; 1.000        ; -2.182     ; 5.192      ;
; -6.698 ; 74163:inst30|f74163:sub|34  ; inst24                      ; 74163:inst30|f74163:sub|134 ; inst87      ; 1.000        ; -3.407     ; 3.958      ;
; -6.514 ; 74163:inst30|f74163:sub|34  ; 74163:inst28|f74163:sub|34  ; 74163:inst30|f74163:sub|134 ; inst87      ; 1.000        ; -3.407     ; 3.774      ;
; -6.408 ; 74163:inst30|f74163:sub|34  ; 74163:inst29|f74163:sub|111 ; inst87                      ; inst87      ; 1.000        ; -1.883     ; 5.192      ;
; -6.408 ; 74163:inst30|f74163:sub|34  ; 74163:inst29|f74163:sub|122 ; 74163:inst29|f74163:sub|111 ; inst87      ; 1.000        ; -2.182     ; 4.893      ;
; -6.307 ; 74163:inst30|f74163:sub|34  ; 74163:inst28|f74163:sub|122 ; 74163:inst29|f74163:sub|111 ; inst87      ; 1.000        ; -1.558     ; 5.416      ;
; -6.303 ; 74163:inst30|f74163:sub|34  ; 74163:inst29|f74163:sub|34  ; 74163:inst29|f74163:sub|111 ; inst87      ; 1.000        ; -2.182     ; 4.788      ;
; -6.109 ; 74163:inst30|f74163:sub|34  ; 74163:inst29|f74163:sub|122 ; inst87                      ; inst87      ; 1.000        ; -1.883     ; 4.893      ;
; -6.008 ; 74163:inst30|f74163:sub|34  ; 74163:inst28|f74163:sub|122 ; inst87                      ; inst87      ; 1.000        ; -1.259     ; 5.416      ;
; -6.004 ; 74163:inst30|f74163:sub|34  ; 74163:inst29|f74163:sub|34  ; inst87                      ; inst87      ; 1.000        ; -1.883     ; 4.788      ;
; -5.592 ; 74163:inst30|f74163:sub|34  ; 74163:inst30|f74163:sub|34  ; 74163:inst30|f74163:sub|134 ; inst87      ; 1.000        ; -2.148     ; 4.111      ;
; -5.586 ; 74163:inst30|f74163:sub|34  ; 74163:inst30|f74163:sub|122 ; 74163:inst30|f74163:sub|134 ; inst87      ; 1.000        ; -2.148     ; 4.105      ;
; -5.151 ; 74163:inst30|f74163:sub|111 ; 74163:inst30|f74163:sub|122 ; 74163:inst30|f74163:sub|134 ; inst87      ; 1.000        ; -2.148     ; 3.670      ;
; -5.073 ; 74163:inst30|f74163:sub|34  ; 74163:inst28|f74163:sub|111 ; 74163:inst29|f74163:sub|111 ; inst87      ; 1.000        ; -1.558     ; 4.182      ;
; -4.973 ; 74163:inst30|f74163:sub|111 ; 74163:inst30|f74163:sub|134 ; 74163:inst30|f74163:sub|134 ; inst87      ; 1.000        ; -2.148     ; 3.492      ;
; -4.932 ; 74163:inst30|f74163:sub|111 ; 74163:inst30|f74163:sub|111 ; 74163:inst30|f74163:sub|134 ; inst87      ; 1.000        ; -2.148     ; 3.451      ;
; -4.892 ; 74163:inst30|f74163:sub|34  ; 74163:inst30|f74163:sub|111 ; 74163:inst30|f74163:sub|134 ; inst87      ; 1.000        ; -2.148     ; 3.411      ;
; -4.858 ; 74163:inst30|f74163:sub|34  ; 74163:inst30|f74163:sub|134 ; 74163:inst30|f74163:sub|134 ; inst87      ; 1.000        ; -2.148     ; 3.377      ;
; -4.849 ; 74163:inst30|f74163:sub|34  ; inst24                      ; 74163:inst29|f74163:sub|111 ; inst87      ; 1.000        ; -1.558     ; 3.958      ;
; -4.842 ; 74163:inst30|f74163:sub|122 ; 74163:inst30|f74163:sub|134 ; 74163:inst30|f74163:sub|134 ; inst87      ; 1.000        ; -2.148     ; 3.361      ;
; -4.774 ; 74163:inst30|f74163:sub|34  ; 74163:inst28|f74163:sub|111 ; inst87                      ; inst87      ; 1.000        ; -1.259     ; 4.182      ;
; -4.665 ; 74163:inst30|f74163:sub|34  ; 74163:inst28|f74163:sub|34  ; 74163:inst29|f74163:sub|111 ; inst87      ; 1.000        ; -1.558     ; 3.774      ;
; -4.611 ; 74163:inst30|f74163:sub|122 ; 74163:inst30|f74163:sub|122 ; 74163:inst30|f74163:sub|134 ; inst87      ; 1.000        ; -2.148     ; 3.130      ;
; -4.550 ; 74163:inst30|f74163:sub|34  ; inst24                      ; inst87                      ; inst87      ; 1.000        ; -1.259     ; 3.958      ;
; -4.366 ; 74163:inst30|f74163:sub|34  ; 74163:inst28|f74163:sub|34  ; inst87                      ; inst87      ; 1.000        ; -1.259     ; 3.774      ;
; -3.743 ; 74163:inst30|f74163:sub|34  ; 74163:inst30|f74163:sub|34  ; 74163:inst29|f74163:sub|111 ; inst87      ; 1.000        ; -0.299     ; 4.111      ;
; -3.737 ; 74163:inst30|f74163:sub|34  ; 74163:inst30|f74163:sub|122 ; 74163:inst29|f74163:sub|111 ; inst87      ; 1.000        ; -0.299     ; 4.105      ;
; -3.479 ; 74163:inst29|f74163:sub|122 ; 74163:inst29|f74163:sub|111 ; inst87                      ; inst87      ; 1.000        ; 0.000      ; 4.146      ;
; -3.444 ; 74163:inst30|f74163:sub|34  ; 74163:inst30|f74163:sub|34  ; inst87                      ; inst87      ; 1.000        ; 0.000      ; 4.111      ;
; -3.438 ; 74163:inst30|f74163:sub|34  ; 74163:inst30|f74163:sub|122 ; inst87                      ; inst87      ; 1.000        ; 0.000      ; 4.105      ;
; -3.302 ; 74163:inst30|f74163:sub|111 ; 74163:inst30|f74163:sub|122 ; 74163:inst29|f74163:sub|111 ; inst87      ; 1.000        ; -0.299     ; 3.670      ;
; -3.164 ; 74163:inst29|f74163:sub|34  ; 74163:inst29|f74163:sub|111 ; inst87                      ; inst87      ; 1.000        ; 0.000      ; 3.831      ;
; -3.124 ; 74163:inst30|f74163:sub|111 ; 74163:inst30|f74163:sub|134 ; 74163:inst29|f74163:sub|111 ; inst87      ; 1.000        ; -0.299     ; 3.492      ;
; -3.083 ; 74163:inst30|f74163:sub|111 ; 74163:inst30|f74163:sub|111 ; 74163:inst29|f74163:sub|111 ; inst87      ; 1.000        ; -0.299     ; 3.451      ;
; -3.075 ; 74163:inst29|f74163:sub|122 ; 74163:inst29|f74163:sub|34  ; inst87                      ; inst87      ; 1.000        ; 0.000      ; 3.742      ;
; -3.043 ; 74163:inst30|f74163:sub|34  ; 74163:inst30|f74163:sub|111 ; 74163:inst29|f74163:sub|111 ; inst87      ; 1.000        ; -0.299     ; 3.411      ;
; -3.034 ; 74163:inst29|f74163:sub|122 ; 74163:inst29|f74163:sub|122 ; inst87                      ; inst87      ; 1.000        ; 0.000      ; 3.701      ;
; -3.020 ; 74163:inst29|f74163:sub|34  ; 74163:inst29|f74163:sub|122 ; inst87                      ; inst87      ; 1.000        ; 0.000      ; 3.687      ;
; -3.009 ; 74163:inst30|f74163:sub|34  ; 74163:inst30|f74163:sub|134 ; 74163:inst29|f74163:sub|111 ; inst87      ; 1.000        ; -0.299     ; 3.377      ;
; -3.003 ; 74163:inst30|f74163:sub|111 ; 74163:inst30|f74163:sub|122 ; inst87                      ; inst87      ; 1.000        ; 0.000      ; 3.670      ;
; -2.993 ; 74163:inst30|f74163:sub|122 ; 74163:inst30|f74163:sub|134 ; 74163:inst29|f74163:sub|111 ; inst87      ; 1.000        ; -0.299     ; 3.361      ;
; -2.949 ; 74163:inst28|f74163:sub|111 ; 74163:inst28|f74163:sub|111 ; inst87                      ; inst87      ; 1.000        ; 0.000      ; 3.616      ;
; -2.825 ; 74163:inst30|f74163:sub|111 ; 74163:inst30|f74163:sub|134 ; inst87                      ; inst87      ; 1.000        ; 0.000      ; 3.492      ;
; -2.814 ; inst24                      ; inst24                      ; inst87                      ; inst87      ; 1.000        ; 0.000      ; 3.481      ;
; -2.802 ; 74163:inst28|f74163:sub|34  ; 74163:inst28|f74163:sub|111 ; inst87                      ; inst87      ; 1.000        ; 0.000      ; 3.469      ;
; -2.784 ; 74163:inst30|f74163:sub|111 ; 74163:inst30|f74163:sub|111 ; inst87                      ; inst87      ; 1.000        ; 0.000      ; 3.451      ;
; -2.762 ; 74163:inst30|f74163:sub|122 ; 74163:inst30|f74163:sub|122 ; 74163:inst29|f74163:sub|111 ; inst87      ; 1.000        ; -0.299     ; 3.130      ;
; -2.760 ; 74163:inst29|f74163:sub|34  ; 74163:inst29|f74163:sub|34  ; inst87                      ; inst87      ; 1.000        ; 0.000      ; 3.427      ;
; -2.744 ; 74163:inst30|f74163:sub|34  ; 74163:inst30|f74163:sub|111 ; inst87                      ; inst87      ; 1.000        ; 0.000      ; 3.411      ;
; -2.710 ; 74163:inst30|f74163:sub|34  ; 74163:inst30|f74163:sub|134 ; inst87                      ; inst87      ; 1.000        ; 0.000      ; 3.377      ;
; -2.694 ; 74163:inst30|f74163:sub|122 ; 74163:inst30|f74163:sub|134 ; inst87                      ; inst87      ; 1.000        ; 0.000      ; 3.361      ;
; -2.463 ; 74163:inst30|f74163:sub|122 ; 74163:inst30|f74163:sub|122 ; inst87                      ; inst87      ; 1.000        ; 0.000      ; 3.130      ;
; -2.429 ; 74163:inst28|f74163:sub|122 ; inst24                      ; inst87                      ; inst87      ; 1.000        ; 0.000      ; 3.096      ;
; -2.258 ; 74163:inst28|f74163:sub|111 ; 74163:inst28|f74163:sub|122 ; inst87                      ; inst87      ; 1.000        ; 0.000      ; 2.925      ;
; -2.108 ; 74163:inst28|f74163:sub|34  ; 74163:inst28|f74163:sub|122 ; inst87                      ; inst87      ; 1.000        ; 0.000      ; 2.775      ;
; -1.824 ; 74163:inst28|f74163:sub|122 ; 74163:inst28|f74163:sub|122 ; inst87                      ; inst87      ; 1.000        ; 0.000      ; 2.491      ;
; -1.499 ; 74163:inst28|f74163:sub|34  ; 74163:inst28|f74163:sub|34  ; inst87                      ; inst87      ; 1.000        ; 0.000      ; 2.166      ;
; -1.451 ; 74163:inst30|f74163:sub|134 ; 74163:inst29|f74163:sub|111 ; 74163:inst30|f74163:sub|134 ; inst87      ; 0.500        ; 3.509      ; 5.503      ;
; -1.152 ; 74163:inst30|f74163:sub|134 ; 74163:inst29|f74163:sub|122 ; 74163:inst30|f74163:sub|134 ; inst87      ; 0.500        ; 3.509      ; 5.204      ;
; -1.051 ; 74163:inst30|f74163:sub|134 ; 74163:inst28|f74163:sub|122 ; 74163:inst30|f74163:sub|134 ; inst87      ; 0.500        ; 4.133      ; 5.727      ;
; -1.047 ; 74163:inst30|f74163:sub|134 ; 74163:inst29|f74163:sub|34  ; 74163:inst30|f74163:sub|134 ; inst87      ; 0.500        ; 3.509      ; 5.099      ;
; -0.951 ; 74163:inst30|f74163:sub|134 ; 74163:inst29|f74163:sub|111 ; 74163:inst30|f74163:sub|134 ; inst87      ; 1.000        ; 3.509      ; 5.503      ;
; -0.652 ; 74163:inst30|f74163:sub|134 ; 74163:inst29|f74163:sub|122 ; 74163:inst30|f74163:sub|134 ; inst87      ; 1.000        ; 3.509      ; 5.204      ;
; -0.551 ; 74163:inst30|f74163:sub|134 ; 74163:inst28|f74163:sub|122 ; 74163:inst30|f74163:sub|134 ; inst87      ; 1.000        ; 4.133      ; 5.727      ;
; -0.547 ; 74163:inst30|f74163:sub|134 ; 74163:inst29|f74163:sub|34  ; 74163:inst30|f74163:sub|134 ; inst87      ; 1.000        ; 3.509      ; 5.099      ;
; -0.290 ; 74163:inst29|f74163:sub|111 ; 74163:inst29|f74163:sub|111 ; 74163:inst29|f74163:sub|111 ; inst87      ; 0.500        ; 3.509      ; 4.342      ;
; 0.114  ; 74163:inst29|f74163:sub|111 ; 74163:inst29|f74163:sub|34  ; 74163:inst29|f74163:sub|111 ; inst87      ; 0.500        ; 3.509      ; 3.938      ;
; 0.155  ; 74163:inst29|f74163:sub|111 ; 74163:inst29|f74163:sub|122 ; 74163:inst29|f74163:sub|111 ; inst87      ; 0.500        ; 3.509      ; 3.897      ;
; 0.183  ; 74163:inst30|f74163:sub|134 ; 74163:inst28|f74163:sub|111 ; 74163:inst30|f74163:sub|134 ; inst87      ; 0.500        ; 4.133      ; 4.493      ;
; 0.210  ; 74163:inst29|f74163:sub|111 ; 74163:inst29|f74163:sub|111 ; 74163:inst29|f74163:sub|111 ; inst87      ; 1.000        ; 3.509      ; 4.342      ;
; 0.407  ; 74163:inst30|f74163:sub|134 ; inst24                      ; 74163:inst30|f74163:sub|134 ; inst87      ; 0.500        ; 4.133      ; 4.269      ;
; 0.591  ; 74163:inst30|f74163:sub|134 ; 74163:inst28|f74163:sub|34  ; 74163:inst30|f74163:sub|134 ; inst87      ; 0.500        ; 4.133      ; 4.085      ;
; 0.614  ; 74163:inst29|f74163:sub|111 ; 74163:inst29|f74163:sub|34  ; 74163:inst29|f74163:sub|111 ; inst87      ; 1.000        ; 3.509      ; 3.938      ;
; 0.655  ; 74163:inst29|f74163:sub|111 ; 74163:inst29|f74163:sub|122 ; 74163:inst29|f74163:sub|111 ; inst87      ; 1.000        ; 3.509      ; 3.897      ;
; 0.683  ; 74163:inst30|f74163:sub|134 ; 74163:inst28|f74163:sub|111 ; 74163:inst30|f74163:sub|134 ; inst87      ; 1.000        ; 4.133      ; 4.493      ;
; 0.907  ; 74163:inst30|f74163:sub|134 ; inst24                      ; 74163:inst30|f74163:sub|134 ; inst87      ; 1.000        ; 4.133      ; 4.269      ;
; 1.091  ; 74163:inst30|f74163:sub|134 ; 74163:inst28|f74163:sub|34  ; 74163:inst30|f74163:sub|134 ; inst87      ; 1.000        ; 4.133      ; 4.085      ;
; 1.513  ; 74163:inst30|f74163:sub|134 ; 74163:inst30|f74163:sub|34  ; 74163:inst30|f74163:sub|134 ; inst87      ; 0.500        ; 5.392      ; 4.422      ;
; 1.519  ; 74163:inst30|f74163:sub|134 ; 74163:inst30|f74163:sub|122 ; 74163:inst30|f74163:sub|134 ; inst87      ; 0.500        ; 5.392      ; 4.416      ;
; 2.013  ; 74163:inst30|f74163:sub|134 ; 74163:inst30|f74163:sub|34  ; 74163:inst30|f74163:sub|134 ; inst87      ; 1.000        ; 5.392      ; 4.422      ;
; 2.019  ; 74163:inst30|f74163:sub|134 ; 74163:inst30|f74163:sub|122 ; 74163:inst30|f74163:sub|134 ; inst87      ; 1.000        ; 5.392      ; 4.416      ;
; 2.213  ; 74163:inst30|f74163:sub|134 ; 74163:inst30|f74163:sub|111 ; 74163:inst30|f74163:sub|134 ; inst87      ; 0.500        ; 5.392      ; 3.722      ;
; 2.247  ; 74163:inst30|f74163:sub|134 ; 74163:inst30|f74163:sub|134 ; 74163:inst30|f74163:sub|134 ; inst87      ; 0.500        ; 5.392      ; 3.688      ;
; 2.713  ; 74163:inst30|f74163:sub|134 ; 74163:inst30|f74163:sub|111 ; 74163:inst30|f74163:sub|134 ; inst87      ; 1.000        ; 5.392      ; 3.722      ;
; 2.747  ; 74163:inst30|f74163:sub|134 ; 74163:inst30|f74163:sub|134 ; 74163:inst30|f74163:sub|134 ; inst87      ; 1.000        ; 5.392      ; 3.688      ;
+--------+-----------------------------+-----------------------------+-----------------------------+-------------+--------------+------------+------------+


+-------------------------------------------------------------------------------------------------------------------------------------------------------------------------+
; Setup: '74163:inst29|f74163:sub|111'                                                                                                                                    ;
+--------+-----------------------------+-----------------------------+-----------------------------+-----------------------------+--------------+------------+------------+
; Slack  ; From Node                   ; To Node                     ; Launch Clock                ; Latch Clock                 ; Relationship ; Clock Skew ; Data Delay ;
+--------+-----------------------------+-----------------------------+-----------------------------+-----------------------------+--------------+------------+------------+
; -5.293 ; 74163:inst30|f74163:sub|34  ; 74163:inst30|f74163:sub|34  ; 74163:inst30|f74163:sub|134 ; 74163:inst29|f74163:sub|111 ; 1.000        ; -1.849     ; 4.111      ;
; -5.287 ; 74163:inst30|f74163:sub|34  ; 74163:inst30|f74163:sub|122 ; 74163:inst30|f74163:sub|134 ; 74163:inst29|f74163:sub|111 ; 1.000        ; -1.849     ; 4.105      ;
; -4.852 ; 74163:inst30|f74163:sub|111 ; 74163:inst30|f74163:sub|122 ; 74163:inst30|f74163:sub|134 ; 74163:inst29|f74163:sub|111 ; 1.000        ; -1.849     ; 3.670      ;
; -4.674 ; 74163:inst30|f74163:sub|111 ; 74163:inst30|f74163:sub|134 ; 74163:inst30|f74163:sub|134 ; 74163:inst29|f74163:sub|111 ; 1.000        ; -1.849     ; 3.492      ;
; -4.633 ; 74163:inst30|f74163:sub|111 ; 74163:inst30|f74163:sub|111 ; 74163:inst30|f74163:sub|134 ; 74163:inst29|f74163:sub|111 ; 1.000        ; -1.849     ; 3.451      ;
; -4.593 ; 74163:inst30|f74163:sub|34  ; 74163:inst30|f74163:sub|111 ; 74163:inst30|f74163:sub|134 ; 74163:inst29|f74163:sub|111 ; 1.000        ; -1.849     ; 3.411      ;
; -4.559 ; 74163:inst30|f74163:sub|34  ; 74163:inst30|f74163:sub|134 ; 74163:inst30|f74163:sub|134 ; 74163:inst29|f74163:sub|111 ; 1.000        ; -1.849     ; 3.377      ;
; -4.543 ; 74163:inst30|f74163:sub|122 ; 74163:inst30|f74163:sub|134 ; 74163:inst30|f74163:sub|134 ; 74163:inst29|f74163:sub|111 ; 1.000        ; -1.849     ; 3.361      ;
; -4.312 ; 74163:inst30|f74163:sub|122 ; 74163:inst30|f74163:sub|122 ; 74163:inst30|f74163:sub|134 ; 74163:inst29|f74163:sub|111 ; 1.000        ; -1.849     ; 3.130      ;
; -3.444 ; 74163:inst30|f74163:sub|34  ; 74163:inst30|f74163:sub|34  ; 74163:inst29|f74163:sub|111 ; 74163:inst29|f74163:sub|111 ; 1.000        ; 0.000      ; 4.111      ;
; -3.438 ; 74163:inst30|f74163:sub|34  ; 74163:inst30|f74163:sub|122 ; 74163:inst29|f74163:sub|111 ; 74163:inst29|f74163:sub|111 ; 1.000        ; 0.000      ; 4.105      ;
; -3.145 ; 74163:inst30|f74163:sub|34  ; 74163:inst30|f74163:sub|34  ; inst87                      ; 74163:inst29|f74163:sub|111 ; 1.000        ; 0.299      ; 4.111      ;
; -3.139 ; 74163:inst30|f74163:sub|34  ; 74163:inst30|f74163:sub|122 ; inst87                      ; 74163:inst29|f74163:sub|111 ; 1.000        ; 0.299      ; 4.105      ;
; -3.003 ; 74163:inst30|f74163:sub|111 ; 74163:inst30|f74163:sub|122 ; 74163:inst29|f74163:sub|111 ; 74163:inst29|f74163:sub|111 ; 1.000        ; 0.000      ; 3.670      ;
; -2.825 ; 74163:inst30|f74163:sub|111 ; 74163:inst30|f74163:sub|134 ; 74163:inst29|f74163:sub|111 ; 74163:inst29|f74163:sub|111 ; 1.000        ; 0.000      ; 3.492      ;
; -2.784 ; 74163:inst30|f74163:sub|111 ; 74163:inst30|f74163:sub|111 ; 74163:inst29|f74163:sub|111 ; 74163:inst29|f74163:sub|111 ; 1.000        ; 0.000      ; 3.451      ;
; -2.744 ; 74163:inst30|f74163:sub|34  ; 74163:inst30|f74163:sub|111 ; 74163:inst29|f74163:sub|111 ; 74163:inst29|f74163:sub|111 ; 1.000        ; 0.000      ; 3.411      ;
; -2.710 ; 74163:inst30|f74163:sub|34  ; 74163:inst30|f74163:sub|134 ; 74163:inst29|f74163:sub|111 ; 74163:inst29|f74163:sub|111 ; 1.000        ; 0.000      ; 3.377      ;
; -2.704 ; 74163:inst30|f74163:sub|111 ; 74163:inst30|f74163:sub|122 ; inst87                      ; 74163:inst29|f74163:sub|111 ; 1.000        ; 0.299      ; 3.670      ;
; -2.694 ; 74163:inst30|f74163:sub|122 ; 74163:inst30|f74163:sub|134 ; 74163:inst29|f74163:sub|111 ; 74163:inst29|f74163:sub|111 ; 1.000        ; 0.000      ; 3.361      ;
; -2.526 ; 74163:inst30|f74163:sub|111 ; 74163:inst30|f74163:sub|134 ; inst87                      ; 74163:inst29|f74163:sub|111 ; 1.000        ; 0.299      ; 3.492      ;
; -2.485 ; 74163:inst30|f74163:sub|111 ; 74163:inst30|f74163:sub|111 ; inst87                      ; 74163:inst29|f74163:sub|111 ; 1.000        ; 0.299      ; 3.451      ;
; -2.463 ; 74163:inst30|f74163:sub|122 ; 74163:inst30|f74163:sub|122 ; 74163:inst29|f74163:sub|111 ; 74163:inst29|f74163:sub|111 ; 1.000        ; 0.000      ; 3.130      ;
; -2.445 ; 74163:inst30|f74163:sub|34  ; 74163:inst30|f74163:sub|111 ; inst87                      ; 74163:inst29|f74163:sub|111 ; 1.000        ; 0.299      ; 3.411      ;
; -2.411 ; 74163:inst30|f74163:sub|34  ; 74163:inst30|f74163:sub|134 ; inst87                      ; 74163:inst29|f74163:sub|111 ; 1.000        ; 0.299      ; 3.377      ;
; -2.395 ; 74163:inst30|f74163:sub|122 ; 74163:inst30|f74163:sub|134 ; inst87                      ; 74163:inst29|f74163:sub|111 ; 1.000        ; 0.299      ; 3.361      ;
; -2.164 ; 74163:inst30|f74163:sub|122 ; 74163:inst30|f74163:sub|122 ; inst87                      ; 74163:inst29|f74163:sub|111 ; 1.000        ; 0.299      ; 3.130      ;
; -1.604 ; inst6                       ; inst7                       ; 74163:inst29|f74163:sub|111 ; 74163:inst29|f74163:sub|111 ; 1.000        ; 0.000      ; 2.271      ;
; -1.591 ; inst2                       ; inst3                       ; 74163:inst29|f74163:sub|111 ; 74163:inst29|f74163:sub|111 ; 1.000        ; 0.000      ; 2.258      ;
; -1.569 ; inst3                       ; inst4                       ; 74163:inst29|f74163:sub|111 ; 74163:inst29|f74163:sub|111 ; 1.000        ; 0.000      ; 2.236      ;
; -1.548 ; inst96                      ; inst                        ; 74163:inst29|f74163:sub|111 ; 74163:inst29|f74163:sub|111 ; 0.500        ; -0.684     ; 1.031      ;
; -1.353 ; inst                        ; inst1                       ; 74163:inst29|f74163:sub|111 ; 74163:inst29|f74163:sub|111 ; 1.000        ; 0.000      ; 2.020      ;
; -1.347 ; inst4                       ; inst5                       ; 74163:inst29|f74163:sub|111 ; 74163:inst29|f74163:sub|111 ; 1.000        ; 0.000      ; 2.014      ;
; -1.343 ; inst5                       ; inst6                       ; 74163:inst29|f74163:sub|111 ; 74163:inst29|f74163:sub|111 ; 1.000        ; 0.000      ; 2.010      ;
; -0.950 ; inst1                       ; inst2                       ; 74163:inst29|f74163:sub|111 ; 74163:inst29|f74163:sub|111 ; 1.000        ; 0.000      ; 1.617      ;
; 1.812  ; 74163:inst30|f74163:sub|134 ; 74163:inst30|f74163:sub|34  ; 74163:inst30|f74163:sub|134 ; 74163:inst29|f74163:sub|111 ; 0.500        ; 5.691      ; 4.422      ;
; 1.818  ; 74163:inst30|f74163:sub|134 ; 74163:inst30|f74163:sub|122 ; 74163:inst30|f74163:sub|134 ; 74163:inst29|f74163:sub|111 ; 0.500        ; 5.691      ; 4.416      ;
; 2.312  ; 74163:inst30|f74163:sub|134 ; 74163:inst30|f74163:sub|34  ; 74163:inst30|f74163:sub|134 ; 74163:inst29|f74163:sub|111 ; 1.000        ; 5.691      ; 4.422      ;
; 2.318  ; 74163:inst30|f74163:sub|134 ; 74163:inst30|f74163:sub|122 ; 74163:inst30|f74163:sub|134 ; 74163:inst29|f74163:sub|111 ; 1.000        ; 5.691      ; 4.416      ;
; 2.512  ; 74163:inst30|f74163:sub|134 ; 74163:inst30|f74163:sub|111 ; 74163:inst30|f74163:sub|134 ; 74163:inst29|f74163:sub|111 ; 0.500        ; 5.691      ; 3.722      ;
; 2.546  ; 74163:inst30|f74163:sub|134 ; 74163:inst30|f74163:sub|134 ; 74163:inst30|f74163:sub|134 ; 74163:inst29|f74163:sub|111 ; 0.500        ; 5.691      ; 3.688      ;
; 3.012  ; 74163:inst30|f74163:sub|134 ; 74163:inst30|f74163:sub|111 ; 74163:inst30|f74163:sub|134 ; 74163:inst29|f74163:sub|111 ; 1.000        ; 5.691      ; 3.722      ;
; 3.046  ; 74163:inst30|f74163:sub|134 ; 74163:inst30|f74163:sub|134 ; 74163:inst30|f74163:sub|134 ; 74163:inst29|f74163:sub|111 ; 1.000        ; 5.691      ; 3.688      ;
+--------+-----------------------------+-----------------------------+-----------------------------+-----------------------------+--------------+------------+------------+


+-------------------------------------------------------------------------------------------------------------------------------------------------------------------------+
; Setup: '74163:inst30|f74163:sub|134'                                                                                                                                    ;
+--------+-----------------------------+-----------------------------+-----------------------------+-----------------------------+--------------+------------+------------+
; Slack  ; From Node                   ; To Node                     ; Launch Clock                ; Latch Clock                 ; Relationship ; Clock Skew ; Data Delay ;
+--------+-----------------------------+-----------------------------+-----------------------------+-----------------------------+--------------+------------+------------+
; -3.444 ; 74163:inst30|f74163:sub|34  ; 74163:inst30|f74163:sub|34  ; 74163:inst30|f74163:sub|134 ; 74163:inst30|f74163:sub|134 ; 1.000        ; 0.000      ; 4.111      ;
; -3.438 ; 74163:inst30|f74163:sub|34  ; 74163:inst30|f74163:sub|122 ; 74163:inst30|f74163:sub|134 ; 74163:inst30|f74163:sub|134 ; 1.000        ; 0.000      ; 4.105      ;
; -3.003 ; 74163:inst30|f74163:sub|111 ; 74163:inst30|f74163:sub|122 ; 74163:inst30|f74163:sub|134 ; 74163:inst30|f74163:sub|134 ; 1.000        ; 0.000      ; 3.670      ;
; -2.784 ; 74163:inst30|f74163:sub|111 ; 74163:inst30|f74163:sub|111 ; 74163:inst30|f74163:sub|134 ; 74163:inst30|f74163:sub|134 ; 1.000        ; 0.000      ; 3.451      ;
; -2.744 ; 74163:inst30|f74163:sub|34  ; 74163:inst30|f74163:sub|111 ; 74163:inst30|f74163:sub|134 ; 74163:inst30|f74163:sub|134 ; 1.000        ; 0.000      ; 3.411      ;
; -2.463 ; 74163:inst30|f74163:sub|122 ; 74163:inst30|f74163:sub|122 ; 74163:inst30|f74163:sub|134 ; 74163:inst30|f74163:sub|134 ; 1.000        ; 0.000      ; 3.130      ;
; -1.595 ; 74163:inst30|f74163:sub|34  ; 74163:inst30|f74163:sub|34  ; 74163:inst29|f74163:sub|111 ; 74163:inst30|f74163:sub|134 ; 1.000        ; 1.849      ; 4.111      ;
; -1.589 ; 74163:inst30|f74163:sub|34  ; 74163:inst30|f74163:sub|122 ; 74163:inst29|f74163:sub|111 ; 74163:inst30|f74163:sub|134 ; 1.000        ; 1.849      ; 4.105      ;
; -1.296 ; 74163:inst30|f74163:sub|34  ; 74163:inst30|f74163:sub|34  ; inst87                      ; 74163:inst30|f74163:sub|134 ; 1.000        ; 2.148      ; 4.111      ;
; -1.290 ; 74163:inst30|f74163:sub|34  ; 74163:inst30|f74163:sub|122 ; inst87                      ; 74163:inst30|f74163:sub|134 ; 1.000        ; 2.148      ; 4.105      ;
; -1.154 ; 74163:inst30|f74163:sub|111 ; 74163:inst30|f74163:sub|122 ; 74163:inst29|f74163:sub|111 ; 74163:inst30|f74163:sub|134 ; 1.000        ; 1.849      ; 3.670      ;
; -0.935 ; 74163:inst30|f74163:sub|111 ; 74163:inst30|f74163:sub|111 ; 74163:inst29|f74163:sub|111 ; 74163:inst30|f74163:sub|134 ; 1.000        ; 1.849      ; 3.451      ;
; -0.910 ; inst                        ; inst9                       ; 74163:inst29|f74163:sub|111 ; 74163:inst30|f74163:sub|134 ; 1.000        ; 0.445      ; 2.022      ;
; -0.895 ; 74163:inst30|f74163:sub|34  ; 74163:inst30|f74163:sub|111 ; 74163:inst29|f74163:sub|111 ; 74163:inst30|f74163:sub|134 ; 1.000        ; 1.849      ; 3.411      ;
; -0.855 ; 74163:inst30|f74163:sub|111 ; 74163:inst30|f74163:sub|122 ; inst87                      ; 74163:inst30|f74163:sub|134 ; 1.000        ; 2.148      ; 3.670      ;
; -0.636 ; 74163:inst30|f74163:sub|111 ; 74163:inst30|f74163:sub|111 ; inst87                      ; 74163:inst30|f74163:sub|134 ; 1.000        ; 2.148      ; 3.451      ;
; -0.614 ; 74163:inst30|f74163:sub|122 ; 74163:inst30|f74163:sub|122 ; 74163:inst29|f74163:sub|111 ; 74163:inst30|f74163:sub|134 ; 1.000        ; 1.849      ; 3.130      ;
; -0.596 ; 74163:inst30|f74163:sub|34  ; 74163:inst30|f74163:sub|111 ; inst87                      ; 74163:inst30|f74163:sub|134 ; 1.000        ; 2.148      ; 3.411      ;
; -0.538 ; inst7                       ; inst19                      ; 74163:inst29|f74163:sub|111 ; 74163:inst30|f74163:sub|134 ; 1.000        ; 0.445      ; 1.650      ;
; -0.537 ; inst4                       ; inst16                      ; 74163:inst29|f74163:sub|111 ; 74163:inst30|f74163:sub|134 ; 1.000        ; 0.445      ; 1.649      ;
; -0.510 ; inst1                       ; inst10                      ; 74163:inst29|f74163:sub|111 ; 74163:inst30|f74163:sub|134 ; 1.000        ; 0.445      ; 1.622      ;
; -0.500 ; inst5                       ; inst17                      ; 74163:inst29|f74163:sub|111 ; 74163:inst30|f74163:sub|134 ; 1.000        ; 0.445      ; 1.612      ;
; -0.497 ; inst6                       ; inst18                      ; 74163:inst29|f74163:sub|111 ; 74163:inst30|f74163:sub|134 ; 1.000        ; 0.445      ; 1.609      ;
; -0.496 ; inst3                       ; inst15                      ; 74163:inst29|f74163:sub|111 ; 74163:inst30|f74163:sub|134 ; 1.000        ; 0.445      ; 1.608      ;
; -0.495 ; inst2                       ; inst11                      ; 74163:inst29|f74163:sub|111 ; 74163:inst30|f74163:sub|134 ; 1.000        ; 0.445      ; 1.607      ;
; -0.315 ; 74163:inst30|f74163:sub|122 ; 74163:inst30|f74163:sub|122 ; inst87                      ; 74163:inst30|f74163:sub|134 ; 1.000        ; 2.148      ; 3.130      ;
; 3.661  ; 74163:inst30|f74163:sub|134 ; 74163:inst30|f74163:sub|34  ; 74163:inst30|f74163:sub|134 ; 74163:inst30|f74163:sub|134 ; 0.500        ; 7.540      ; 4.422      ;
; 3.667  ; 74163:inst30|f74163:sub|134 ; 74163:inst30|f74163:sub|122 ; 74163:inst30|f74163:sub|134 ; 74163:inst30|f74163:sub|134 ; 0.500        ; 7.540      ; 4.416      ;
; 4.161  ; 74163:inst30|f74163:sub|134 ; 74163:inst30|f74163:sub|34  ; 74163:inst30|f74163:sub|134 ; 74163:inst30|f74163:sub|134 ; 1.000        ; 7.540      ; 4.422      ;
; 4.167  ; 74163:inst30|f74163:sub|134 ; 74163:inst30|f74163:sub|122 ; 74163:inst30|f74163:sub|134 ; 74163:inst30|f74163:sub|134 ; 1.000        ; 7.540      ; 4.416      ;
; 4.361  ; 74163:inst30|f74163:sub|134 ; 74163:inst30|f74163:sub|111 ; 74163:inst30|f74163:sub|134 ; 74163:inst30|f74163:sub|134 ; 0.500        ; 7.540      ; 3.722      ;
; 4.861  ; 74163:inst30|f74163:sub|134 ; 74163:inst30|f74163:sub|111 ; 74163:inst30|f74163:sub|134 ; 74163:inst30|f74163:sub|134 ; 1.000        ; 7.540      ; 3.722      ;
+--------+-----------------------------+-----------------------------+-----------------------------+-----------------------------+--------------+------------+------------+


+---------------------------------------------------------------------------------------------------+
; Setup: 'inst86'                                                                                   ;
+-------+-----------+---------+--------------+-------------+--------------+------------+------------+
; Slack ; From Node ; To Node ; Launch Clock ; Latch Clock ; Relationship ; Clock Skew ; Data Delay ;
+-------+-----------+---------+--------------+-------------+--------------+------------+------------+
; 0.466 ; inst87    ; inst87  ; inst87       ; inst86      ; 0.500        ; 1.784      ; 1.861      ;
; 0.966 ; inst87    ; inst87  ; inst87       ; inst86      ; 1.000        ; 1.784      ; 1.861      ;
+-------+-----------+---------+--------------+-------------+--------------+------------+------------+


+-----------------------------------------------------------------------------------------------------+
; Setup: 'HighFreqClock'                                                                              ;
+-------+-----------+---------+--------------+---------------+--------------+------------+------------+
; Slack ; From Node ; To Node ; Launch Clock ; Latch Clock   ; Relationship ; Clock Skew ; Data Delay ;
+-------+-----------+---------+--------------+---------------+--------------+------------+------------+
; 3.125 ; inst86    ; inst86  ; inst86       ; HighFreqClock ; 0.500        ; 4.720      ; 2.138      ;
; 3.625 ; inst86    ; inst86  ; inst86       ; HighFreqClock ; 1.000        ; 4.720      ; 2.138      ;
+-------+-----------+---------+--------------+---------------+--------------+------------+------------+


+-------------------------------------------------------------------------------------------------------------------------------------------------------------------------+
; Hold: '74163:inst30|f74163:sub|134'                                                                                                                                     ;
+--------+-----------------------------+-----------------------------+-----------------------------+-----------------------------+--------------+------------+------------+
; Slack  ; From Node                   ; To Node                     ; Launch Clock                ; Latch Clock                 ; Relationship ; Clock Skew ; Data Delay ;
+--------+-----------------------------+-----------------------------+-----------------------------+-----------------------------+--------------+------------+------------+
; -4.415 ; 74163:inst30|f74163:sub|134 ; 74163:inst30|f74163:sub|111 ; 74163:inst30|f74163:sub|134 ; 74163:inst30|f74163:sub|134 ; 0.000        ; 7.540      ; 3.722      ;
; -3.915 ; 74163:inst30|f74163:sub|134 ; 74163:inst30|f74163:sub|111 ; 74163:inst30|f74163:sub|134 ; 74163:inst30|f74163:sub|134 ; -0.500       ; 7.540      ; 3.722      ;
; -3.721 ; 74163:inst30|f74163:sub|134 ; 74163:inst30|f74163:sub|122 ; 74163:inst30|f74163:sub|134 ; 74163:inst30|f74163:sub|134 ; 0.000        ; 7.540      ; 4.416      ;
; -3.715 ; 74163:inst30|f74163:sub|134 ; 74163:inst30|f74163:sub|34  ; 74163:inst30|f74163:sub|134 ; 74163:inst30|f74163:sub|134 ; 0.000        ; 7.540      ; 4.422      ;
; -3.221 ; 74163:inst30|f74163:sub|134 ; 74163:inst30|f74163:sub|122 ; 74163:inst30|f74163:sub|134 ; 74163:inst30|f74163:sub|134 ; -0.500       ; 7.540      ; 4.416      ;
; -3.215 ; 74163:inst30|f74163:sub|134 ; 74163:inst30|f74163:sub|34  ; 74163:inst30|f74163:sub|134 ; 74163:inst30|f74163:sub|134 ; -0.500       ; 7.540      ; 4.422      ;
; 0.034  ; 74163:inst30|f74163:sub|34  ; 74163:inst30|f74163:sub|34  ; inst87                      ; 74163:inst30|f74163:sub|134 ; 0.000        ; 2.148      ; 2.403      ;
; 0.333  ; 74163:inst30|f74163:sub|34  ; 74163:inst30|f74163:sub|34  ; 74163:inst29|f74163:sub|111 ; 74163:inst30|f74163:sub|134 ; 0.000        ; 1.849      ; 2.403      ;
; 0.761  ; 74163:inst30|f74163:sub|122 ; 74163:inst30|f74163:sub|122 ; inst87                      ; 74163:inst30|f74163:sub|134 ; 0.000        ; 2.148      ; 3.130      ;
; 0.761  ; 74163:inst30|f74163:sub|34  ; 74163:inst30|f74163:sub|111 ; inst87                      ; 74163:inst30|f74163:sub|134 ; 0.000        ; 2.148      ; 3.130      ;
; 0.941  ; inst2                       ; inst11                      ; 74163:inst29|f74163:sub|111 ; 74163:inst30|f74163:sub|134 ; 0.000        ; 0.445      ; 1.607      ;
; 0.942  ; inst3                       ; inst15                      ; 74163:inst29|f74163:sub|111 ; 74163:inst30|f74163:sub|134 ; 0.000        ; 0.445      ; 1.608      ;
; 0.943  ; inst6                       ; inst18                      ; 74163:inst29|f74163:sub|111 ; 74163:inst30|f74163:sub|134 ; 0.000        ; 0.445      ; 1.609      ;
; 0.946  ; inst5                       ; inst17                      ; 74163:inst29|f74163:sub|111 ; 74163:inst30|f74163:sub|134 ; 0.000        ; 0.445      ; 1.612      ;
; 0.956  ; inst1                       ; inst10                      ; 74163:inst29|f74163:sub|111 ; 74163:inst30|f74163:sub|134 ; 0.000        ; 0.445      ; 1.622      ;
; 0.983  ; 74163:inst30|f74163:sub|34  ; 74163:inst30|f74163:sub|122 ; inst87                      ; 74163:inst30|f74163:sub|134 ; 0.000        ; 2.148      ; 3.352      ;
; 0.983  ; inst4                       ; inst16                      ; 74163:inst29|f74163:sub|111 ; 74163:inst30|f74163:sub|134 ; 0.000        ; 0.445      ; 1.649      ;
; 0.984  ; inst7                       ; inst19                      ; 74163:inst29|f74163:sub|111 ; 74163:inst30|f74163:sub|134 ; 0.000        ; 0.445      ; 1.650      ;
; 1.060  ; 74163:inst30|f74163:sub|122 ; 74163:inst30|f74163:sub|122 ; 74163:inst29|f74163:sub|111 ; 74163:inst30|f74163:sub|134 ; 0.000        ; 1.849      ; 3.130      ;
; 1.060  ; 74163:inst30|f74163:sub|34  ; 74163:inst30|f74163:sub|111 ; 74163:inst29|f74163:sub|111 ; 74163:inst30|f74163:sub|134 ; 0.000        ; 1.849      ; 3.130      ;
; 1.082  ; 74163:inst30|f74163:sub|111 ; 74163:inst30|f74163:sub|111 ; inst87                      ; 74163:inst30|f74163:sub|134 ; 0.000        ; 2.148      ; 3.451      ;
; 1.282  ; 74163:inst30|f74163:sub|34  ; 74163:inst30|f74163:sub|122 ; 74163:inst29|f74163:sub|111 ; 74163:inst30|f74163:sub|134 ; 0.000        ; 1.849      ; 3.352      ;
; 1.301  ; 74163:inst30|f74163:sub|111 ; 74163:inst30|f74163:sub|122 ; inst87                      ; 74163:inst30|f74163:sub|134 ; 0.000        ; 2.148      ; 3.670      ;
; 1.356  ; inst                        ; inst9                       ; 74163:inst29|f74163:sub|111 ; 74163:inst30|f74163:sub|134 ; 0.000        ; 0.445      ; 2.022      ;
; 1.381  ; 74163:inst30|f74163:sub|111 ; 74163:inst30|f74163:sub|111 ; 74163:inst29|f74163:sub|111 ; 74163:inst30|f74163:sub|134 ; 0.000        ; 1.849      ; 3.451      ;
; 1.600  ; 74163:inst30|f74163:sub|111 ; 74163:inst30|f74163:sub|122 ; 74163:inst29|f74163:sub|111 ; 74163:inst30|f74163:sub|134 ; 0.000        ; 1.849      ; 3.670      ;
; 2.182  ; 74163:inst30|f74163:sub|34  ; 74163:inst30|f74163:sub|34  ; 74163:inst30|f74163:sub|134 ; 74163:inst30|f74163:sub|134 ; 0.000        ; 0.000      ; 2.403      ;
; 2.909  ; 74163:inst30|f74163:sub|122 ; 74163:inst30|f74163:sub|122 ; 74163:inst30|f74163:sub|134 ; 74163:inst30|f74163:sub|134 ; 0.000        ; 0.000      ; 3.130      ;
; 2.909  ; 74163:inst30|f74163:sub|34  ; 74163:inst30|f74163:sub|111 ; 74163:inst30|f74163:sub|134 ; 74163:inst30|f74163:sub|134 ; 0.000        ; 0.000      ; 3.130      ;
; 3.131  ; 74163:inst30|f74163:sub|34  ; 74163:inst30|f74163:sub|122 ; 74163:inst30|f74163:sub|134 ; 74163:inst30|f74163:sub|134 ; 0.000        ; 0.000      ; 3.352      ;
; 3.230  ; 74163:inst30|f74163:sub|111 ; 74163:inst30|f74163:sub|111 ; 74163:inst30|f74163:sub|134 ; 74163:inst30|f74163:sub|134 ; 0.000        ; 0.000      ; 3.451      ;
; 3.449  ; 74163:inst30|f74163:sub|111 ; 74163:inst30|f74163:sub|122 ; 74163:inst30|f74163:sub|134 ; 74163:inst30|f74163:sub|134 ; 0.000        ; 0.000      ; 3.670      ;
+--------+-----------------------------+-----------------------------+-----------------------------+-----------------------------+--------------+------------+------------+


+-------------------------------------------------------------------------------------------------------------------------------------------------------------------------+
; Hold: '74163:inst29|f74163:sub|111'                                                                                                                                     ;
+--------+-----------------------------+-----------------------------+-----------------------------+-----------------------------+--------------+------------+------------+
; Slack  ; From Node                   ; To Node                     ; Launch Clock                ; Latch Clock                 ; Relationship ; Clock Skew ; Data Delay ;
+--------+-----------------------------+-----------------------------+-----------------------------+-----------------------------+--------------+------------+------------+
; -3.766 ; 74163:inst30|f74163:sub|134 ; 74163:inst30|f74163:sub|134 ; 74163:inst30|f74163:sub|134 ; 74163:inst29|f74163:sub|111 ; 0.000        ; 5.691      ; 2.522      ;
; -3.266 ; 74163:inst30|f74163:sub|134 ; 74163:inst30|f74163:sub|134 ; 74163:inst30|f74163:sub|134 ; 74163:inst29|f74163:sub|111 ; -0.500       ; 5.691      ; 2.522      ;
; -2.566 ; 74163:inst30|f74163:sub|134 ; 74163:inst30|f74163:sub|111 ; 74163:inst30|f74163:sub|134 ; 74163:inst29|f74163:sub|111 ; 0.000        ; 5.691      ; 3.722      ;
; -2.066 ; 74163:inst30|f74163:sub|134 ; 74163:inst30|f74163:sub|111 ; 74163:inst30|f74163:sub|134 ; 74163:inst29|f74163:sub|111 ; -0.500       ; 5.691      ; 3.722      ;
; -1.872 ; 74163:inst30|f74163:sub|134 ; 74163:inst30|f74163:sub|122 ; 74163:inst30|f74163:sub|134 ; 74163:inst29|f74163:sub|111 ; 0.000        ; 5.691      ; 4.416      ;
; -1.866 ; 74163:inst30|f74163:sub|134 ; 74163:inst30|f74163:sub|34  ; 74163:inst30|f74163:sub|134 ; 74163:inst29|f74163:sub|111 ; 0.000        ; 5.691      ; 4.422      ;
; -1.372 ; 74163:inst30|f74163:sub|134 ; 74163:inst30|f74163:sub|122 ; 74163:inst30|f74163:sub|134 ; 74163:inst29|f74163:sub|111 ; -0.500       ; 5.691      ; 4.416      ;
; -1.366 ; 74163:inst30|f74163:sub|134 ; 74163:inst30|f74163:sub|34  ; 74163:inst30|f74163:sub|134 ; 74163:inst29|f74163:sub|111 ; -0.500       ; 5.691      ; 4.422      ;
; 1.396  ; inst1                       ; inst2                       ; 74163:inst29|f74163:sub|111 ; 74163:inst29|f74163:sub|111 ; 0.000        ; 0.000      ; 1.617      ;
; 1.789  ; inst5                       ; inst6                       ; 74163:inst29|f74163:sub|111 ; 74163:inst29|f74163:sub|111 ; 0.000        ; 0.000      ; 2.010      ;
; 1.793  ; inst4                       ; inst5                       ; 74163:inst29|f74163:sub|111 ; 74163:inst29|f74163:sub|111 ; 0.000        ; 0.000      ; 2.014      ;
; 1.799  ; inst                        ; inst1                       ; 74163:inst29|f74163:sub|111 ; 74163:inst29|f74163:sub|111 ; 0.000        ; 0.000      ; 2.020      ;
; 1.883  ; 74163:inst30|f74163:sub|34  ; 74163:inst30|f74163:sub|34  ; inst87                      ; 74163:inst29|f74163:sub|111 ; 0.000        ; 0.299      ; 2.403      ;
; 1.994  ; inst96                      ; inst                        ; 74163:inst29|f74163:sub|111 ; 74163:inst29|f74163:sub|111 ; -0.500       ; -0.684     ; 1.031      ;
; 2.015  ; inst3                       ; inst4                       ; 74163:inst29|f74163:sub|111 ; 74163:inst29|f74163:sub|111 ; 0.000        ; 0.000      ; 2.236      ;
; 2.037  ; inst2                       ; inst3                       ; 74163:inst29|f74163:sub|111 ; 74163:inst29|f74163:sub|111 ; 0.000        ; 0.000      ; 2.258      ;
; 2.050  ; inst6                       ; inst7                       ; 74163:inst29|f74163:sub|111 ; 74163:inst29|f74163:sub|111 ; 0.000        ; 0.000      ; 2.271      ;
; 2.182  ; 74163:inst30|f74163:sub|34  ; 74163:inst30|f74163:sub|34  ; 74163:inst29|f74163:sub|111 ; 74163:inst29|f74163:sub|111 ; 0.000        ; 0.000      ; 2.403      ;
; 2.610  ; 74163:inst30|f74163:sub|122 ; 74163:inst30|f74163:sub|122 ; inst87                      ; 74163:inst29|f74163:sub|111 ; 0.000        ; 0.299      ; 3.130      ;
; 2.610  ; 74163:inst30|f74163:sub|34  ; 74163:inst30|f74163:sub|111 ; inst87                      ; 74163:inst29|f74163:sub|111 ; 0.000        ; 0.299      ; 3.130      ;
; 2.654  ; 74163:inst30|f74163:sub|34  ; 74163:inst30|f74163:sub|134 ; inst87                      ; 74163:inst29|f74163:sub|111 ; 0.000        ; 0.299      ; 3.174      ;
; 2.832  ; 74163:inst30|f74163:sub|34  ; 74163:inst30|f74163:sub|122 ; inst87                      ; 74163:inst29|f74163:sub|111 ; 0.000        ; 0.299      ; 3.352      ;
; 2.841  ; 74163:inst30|f74163:sub|122 ; 74163:inst30|f74163:sub|134 ; inst87                      ; 74163:inst29|f74163:sub|111 ; 0.000        ; 0.299      ; 3.361      ;
; 2.909  ; 74163:inst30|f74163:sub|122 ; 74163:inst30|f74163:sub|122 ; 74163:inst29|f74163:sub|111 ; 74163:inst29|f74163:sub|111 ; 0.000        ; 0.000      ; 3.130      ;
; 2.909  ; 74163:inst30|f74163:sub|34  ; 74163:inst30|f74163:sub|111 ; 74163:inst29|f74163:sub|111 ; 74163:inst29|f74163:sub|111 ; 0.000        ; 0.000      ; 3.130      ;
; 2.931  ; 74163:inst30|f74163:sub|111 ; 74163:inst30|f74163:sub|111 ; inst87                      ; 74163:inst29|f74163:sub|111 ; 0.000        ; 0.299      ; 3.451      ;
; 2.953  ; 74163:inst30|f74163:sub|34  ; 74163:inst30|f74163:sub|134 ; 74163:inst29|f74163:sub|111 ; 74163:inst29|f74163:sub|111 ; 0.000        ; 0.000      ; 3.174      ;
; 2.972  ; 74163:inst30|f74163:sub|111 ; 74163:inst30|f74163:sub|134 ; inst87                      ; 74163:inst29|f74163:sub|111 ; 0.000        ; 0.299      ; 3.492      ;
; 3.131  ; 74163:inst30|f74163:sub|34  ; 74163:inst30|f74163:sub|122 ; 74163:inst29|f74163:sub|111 ; 74163:inst29|f74163:sub|111 ; 0.000        ; 0.000      ; 3.352      ;
; 3.140  ; 74163:inst30|f74163:sub|122 ; 74163:inst30|f74163:sub|134 ; 74163:inst29|f74163:sub|111 ; 74163:inst29|f74163:sub|111 ; 0.000        ; 0.000      ; 3.361      ;
; 3.150  ; 74163:inst30|f74163:sub|111 ; 74163:inst30|f74163:sub|122 ; inst87                      ; 74163:inst29|f74163:sub|111 ; 0.000        ; 0.299      ; 3.670      ;
; 3.230  ; 74163:inst30|f74163:sub|111 ; 74163:inst30|f74163:sub|111 ; 74163:inst29|f74163:sub|111 ; 74163:inst29|f74163:sub|111 ; 0.000        ; 0.000      ; 3.451      ;
; 3.271  ; 74163:inst30|f74163:sub|111 ; 74163:inst30|f74163:sub|134 ; 74163:inst29|f74163:sub|111 ; 74163:inst29|f74163:sub|111 ; 0.000        ; 0.000      ; 3.492      ;
; 3.449  ; 74163:inst30|f74163:sub|111 ; 74163:inst30|f74163:sub|122 ; 74163:inst29|f74163:sub|111 ; 74163:inst29|f74163:sub|111 ; 0.000        ; 0.000      ; 3.670      ;
; 4.031  ; 74163:inst30|f74163:sub|34  ; 74163:inst30|f74163:sub|34  ; 74163:inst30|f74163:sub|134 ; 74163:inst29|f74163:sub|111 ; 0.000        ; -1.849     ; 2.403      ;
; 4.758  ; 74163:inst30|f74163:sub|122 ; 74163:inst30|f74163:sub|122 ; 74163:inst30|f74163:sub|134 ; 74163:inst29|f74163:sub|111 ; 0.000        ; -1.849     ; 3.130      ;
; 4.758  ; 74163:inst30|f74163:sub|34  ; 74163:inst30|f74163:sub|111 ; 74163:inst30|f74163:sub|134 ; 74163:inst29|f74163:sub|111 ; 0.000        ; -1.849     ; 3.130      ;
; 4.802  ; 74163:inst30|f74163:sub|34  ; 74163:inst30|f74163:sub|134 ; 74163:inst30|f74163:sub|134 ; 74163:inst29|f74163:sub|111 ; 0.000        ; -1.849     ; 3.174      ;
; 4.980  ; 74163:inst30|f74163:sub|34  ; 74163:inst30|f74163:sub|122 ; 74163:inst30|f74163:sub|134 ; 74163:inst29|f74163:sub|111 ; 0.000        ; -1.849     ; 3.352      ;
; 4.989  ; 74163:inst30|f74163:sub|122 ; 74163:inst30|f74163:sub|134 ; 74163:inst30|f74163:sub|134 ; 74163:inst29|f74163:sub|111 ; 0.000        ; -1.849     ; 3.361      ;
; 5.079  ; 74163:inst30|f74163:sub|111 ; 74163:inst30|f74163:sub|111 ; 74163:inst30|f74163:sub|134 ; 74163:inst29|f74163:sub|111 ; 0.000        ; -1.849     ; 3.451      ;
; 5.120  ; 74163:inst30|f74163:sub|111 ; 74163:inst30|f74163:sub|134 ; 74163:inst30|f74163:sub|134 ; 74163:inst29|f74163:sub|111 ; 0.000        ; -1.849     ; 3.492      ;
; 5.298  ; 74163:inst30|f74163:sub|111 ; 74163:inst30|f74163:sub|122 ; 74163:inst30|f74163:sub|134 ; 74163:inst29|f74163:sub|111 ; 0.000        ; -1.849     ; 3.670      ;
+--------+-----------------------------+-----------------------------+-----------------------------+-----------------------------+--------------+------------+------------+


+---------------------------------------------------------------------------------------------------------------------------------------------------------+
; Hold: 'inst87'                                                                                                                                          ;
+--------+-----------------------------+-----------------------------+-----------------------------+-------------+--------------+------------+------------+
; Slack  ; From Node                   ; To Node                     ; Launch Clock                ; Latch Clock ; Relationship ; Clock Skew ; Data Delay ;
+--------+-----------------------------+-----------------------------+-----------------------------+-------------+--------------+------------+------------+
; -3.467 ; 74163:inst30|f74163:sub|134 ; 74163:inst30|f74163:sub|134 ; 74163:inst30|f74163:sub|134 ; inst87      ; 0.000        ; 5.392      ; 2.522      ;
; -2.967 ; 74163:inst30|f74163:sub|134 ; 74163:inst30|f74163:sub|134 ; 74163:inst30|f74163:sub|134 ; inst87      ; -0.500       ; 5.392      ; 2.522      ;
; -2.267 ; 74163:inst30|f74163:sub|134 ; 74163:inst30|f74163:sub|111 ; 74163:inst30|f74163:sub|134 ; inst87      ; 0.000        ; 5.392      ; 3.722      ;
; -1.767 ; 74163:inst30|f74163:sub|134 ; 74163:inst30|f74163:sub|111 ; 74163:inst30|f74163:sub|134 ; inst87      ; -0.500       ; 5.392      ; 3.722      ;
; -1.573 ; 74163:inst30|f74163:sub|134 ; 74163:inst30|f74163:sub|122 ; 74163:inst30|f74163:sub|134 ; inst87      ; 0.000        ; 5.392      ; 4.416      ;
; -1.567 ; 74163:inst30|f74163:sub|134 ; 74163:inst30|f74163:sub|34  ; 74163:inst30|f74163:sub|134 ; inst87      ; 0.000        ; 5.392      ; 4.422      ;
; -1.073 ; 74163:inst30|f74163:sub|134 ; 74163:inst30|f74163:sub|122 ; 74163:inst30|f74163:sub|134 ; inst87      ; -0.500       ; 5.392      ; 4.416      ;
; -1.067 ; 74163:inst30|f74163:sub|134 ; 74163:inst30|f74163:sub|34  ; 74163:inst30|f74163:sub|134 ; inst87      ; -0.500       ; 5.392      ; 4.422      ;
; -0.646 ; 74163:inst29|f74163:sub|111 ; 74163:inst29|f74163:sub|111 ; 74163:inst29|f74163:sub|111 ; inst87      ; 0.000        ; 3.509      ; 3.460      ;
; -0.645 ; 74163:inst30|f74163:sub|134 ; 74163:inst28|f74163:sub|34  ; 74163:inst30|f74163:sub|134 ; inst87      ; 0.000        ; 4.133      ; 4.085      ;
; -0.631 ; 74163:inst29|f74163:sub|111 ; 74163:inst29|f74163:sub|122 ; 74163:inst29|f74163:sub|111 ; inst87      ; 0.000        ; 3.509      ; 3.475      ;
; -0.461 ; 74163:inst30|f74163:sub|134 ; inst24                      ; 74163:inst30|f74163:sub|134 ; inst87      ; 0.000        ; 4.133      ; 4.269      ;
; -0.237 ; 74163:inst30|f74163:sub|134 ; 74163:inst28|f74163:sub|111 ; 74163:inst30|f74163:sub|134 ; inst87      ; 0.000        ; 4.133      ; 4.493      ;
; -0.168 ; 74163:inst29|f74163:sub|111 ; 74163:inst29|f74163:sub|34  ; 74163:inst29|f74163:sub|111 ; inst87      ; 0.000        ; 3.509      ; 3.938      ;
; -0.146 ; 74163:inst29|f74163:sub|111 ; 74163:inst29|f74163:sub|111 ; 74163:inst29|f74163:sub|111 ; inst87      ; -0.500       ; 3.509      ; 3.460      ;
; -0.145 ; 74163:inst30|f74163:sub|134 ; 74163:inst28|f74163:sub|34  ; 74163:inst30|f74163:sub|134 ; inst87      ; -0.500       ; 4.133      ; 4.085      ;
; -0.131 ; 74163:inst29|f74163:sub|111 ; 74163:inst29|f74163:sub|122 ; 74163:inst29|f74163:sub|111 ; inst87      ; -0.500       ; 3.509      ; 3.475      ;
; 0.039  ; 74163:inst30|f74163:sub|134 ; inst24                      ; 74163:inst30|f74163:sub|134 ; inst87      ; -0.500       ; 4.133      ; 4.269      ;
; 0.263  ; 74163:inst30|f74163:sub|134 ; 74163:inst28|f74163:sub|111 ; 74163:inst30|f74163:sub|134 ; inst87      ; -0.500       ; 4.133      ; 4.493      ;
; 0.332  ; 74163:inst29|f74163:sub|111 ; 74163:inst29|f74163:sub|34  ; 74163:inst29|f74163:sub|111 ; inst87      ; -0.500       ; 3.509      ; 3.938      ;
; 0.993  ; 74163:inst30|f74163:sub|134 ; 74163:inst29|f74163:sub|34  ; 74163:inst30|f74163:sub|134 ; inst87      ; 0.000        ; 3.509      ; 5.099      ;
; 0.997  ; 74163:inst30|f74163:sub|134 ; 74163:inst28|f74163:sub|122 ; 74163:inst30|f74163:sub|134 ; inst87      ; 0.000        ; 4.133      ; 5.727      ;
; 1.098  ; 74163:inst30|f74163:sub|134 ; 74163:inst29|f74163:sub|122 ; 74163:inst30|f74163:sub|134 ; inst87      ; 0.000        ; 3.509      ; 5.204      ;
; 1.397  ; 74163:inst30|f74163:sub|134 ; 74163:inst29|f74163:sub|111 ; 74163:inst30|f74163:sub|134 ; inst87      ; 0.000        ; 3.509      ; 5.503      ;
; 1.493  ; 74163:inst30|f74163:sub|134 ; 74163:inst29|f74163:sub|34  ; 74163:inst30|f74163:sub|134 ; inst87      ; -0.500       ; 3.509      ; 5.099      ;
; 1.497  ; 74163:inst30|f74163:sub|134 ; 74163:inst28|f74163:sub|122 ; 74163:inst30|f74163:sub|134 ; inst87      ; -0.500       ; 4.133      ; 5.727      ;
; 1.598  ; 74163:inst30|f74163:sub|134 ; 74163:inst29|f74163:sub|122 ; 74163:inst30|f74163:sub|134 ; inst87      ; -0.500       ; 3.509      ; 5.204      ;
; 1.897  ; 74163:inst30|f74163:sub|134 ; 74163:inst29|f74163:sub|111 ; 74163:inst30|f74163:sub|134 ; inst87      ; -0.500       ; 3.509      ; 5.503      ;
; 1.945  ; 74163:inst28|f74163:sub|34  ; 74163:inst28|f74163:sub|34  ; inst87                      ; inst87      ; 0.000        ; 0.000      ; 2.166      ;
; 2.182  ; 74163:inst30|f74163:sub|34  ; 74163:inst30|f74163:sub|34  ; inst87                      ; inst87      ; 0.000        ; 0.000      ; 2.403      ;
; 2.186  ; 74163:inst29|f74163:sub|34  ; 74163:inst29|f74163:sub|34  ; inst87                      ; inst87      ; 0.000        ; 0.000      ; 2.407      ;
; 2.250  ; 74163:inst29|f74163:sub|122 ; 74163:inst29|f74163:sub|122 ; inst87                      ; inst87      ; 0.000        ; 0.000      ; 2.471      ;
; 2.270  ; 74163:inst28|f74163:sub|122 ; 74163:inst28|f74163:sub|122 ; inst87                      ; inst87      ; 0.000        ; 0.000      ; 2.491      ;
; 2.481  ; 74163:inst30|f74163:sub|34  ; 74163:inst30|f74163:sub|34  ; 74163:inst29|f74163:sub|111 ; inst87      ; 0.000        ; -0.299     ; 2.403      ;
; 2.554  ; 74163:inst28|f74163:sub|34  ; 74163:inst28|f74163:sub|122 ; inst87                      ; inst87      ; 0.000        ; 0.000      ; 2.775      ;
; 2.704  ; 74163:inst28|f74163:sub|111 ; 74163:inst28|f74163:sub|122 ; inst87                      ; inst87      ; 0.000        ; 0.000      ; 2.925      ;
; 2.875  ; 74163:inst28|f74163:sub|122 ; inst24                      ; inst87                      ; inst87      ; 0.000        ; 0.000      ; 3.096      ;
; 2.909  ; 74163:inst30|f74163:sub|122 ; 74163:inst30|f74163:sub|122 ; inst87                      ; inst87      ; 0.000        ; 0.000      ; 3.130      ;
; 2.909  ; 74163:inst30|f74163:sub|34  ; 74163:inst30|f74163:sub|111 ; inst87                      ; inst87      ; 0.000        ; 0.000      ; 3.130      ;
; 2.953  ; 74163:inst30|f74163:sub|34  ; 74163:inst30|f74163:sub|134 ; inst87                      ; inst87      ; 0.000        ; 0.000      ; 3.174      ;
; 3.131  ; 74163:inst30|f74163:sub|34  ; 74163:inst30|f74163:sub|122 ; inst87                      ; inst87      ; 0.000        ; 0.000      ; 3.352      ;
; 3.140  ; 74163:inst30|f74163:sub|122 ; 74163:inst30|f74163:sub|134 ; inst87                      ; inst87      ; 0.000        ; 0.000      ; 3.361      ;
; 3.165  ; 74163:inst29|f74163:sub|34  ; 74163:inst29|f74163:sub|122 ; inst87                      ; inst87      ; 0.000        ; 0.000      ; 3.386      ;
; 3.208  ; 74163:inst30|f74163:sub|122 ; 74163:inst30|f74163:sub|122 ; 74163:inst29|f74163:sub|111 ; inst87      ; 0.000        ; -0.299     ; 3.130      ;
; 3.208  ; 74163:inst30|f74163:sub|34  ; 74163:inst30|f74163:sub|111 ; 74163:inst29|f74163:sub|111 ; inst87      ; 0.000        ; -0.299     ; 3.130      ;
; 3.230  ; 74163:inst30|f74163:sub|111 ; 74163:inst30|f74163:sub|111 ; inst87                      ; inst87      ; 0.000        ; 0.000      ; 3.451      ;
; 3.248  ; 74163:inst28|f74163:sub|34  ; 74163:inst28|f74163:sub|111 ; inst87                      ; inst87      ; 0.000        ; 0.000      ; 3.469      ;
; 3.252  ; 74163:inst30|f74163:sub|34  ; 74163:inst30|f74163:sub|134 ; 74163:inst29|f74163:sub|111 ; inst87      ; 0.000        ; -0.299     ; 3.174      ;
; 3.260  ; inst24                      ; inst24                      ; inst87                      ; inst87      ; 0.000        ; 0.000      ; 3.481      ;
; 3.271  ; 74163:inst30|f74163:sub|111 ; 74163:inst30|f74163:sub|134 ; inst87                      ; inst87      ; 0.000        ; 0.000      ; 3.492      ;
; 3.395  ; 74163:inst28|f74163:sub|111 ; 74163:inst28|f74163:sub|111 ; inst87                      ; inst87      ; 0.000        ; 0.000      ; 3.616      ;
; 3.430  ; 74163:inst30|f74163:sub|34  ; 74163:inst30|f74163:sub|122 ; 74163:inst29|f74163:sub|111 ; inst87      ; 0.000        ; -0.299     ; 3.352      ;
; 3.439  ; 74163:inst30|f74163:sub|122 ; 74163:inst30|f74163:sub|134 ; 74163:inst29|f74163:sub|111 ; inst87      ; 0.000        ; -0.299     ; 3.361      ;
; 3.449  ; 74163:inst30|f74163:sub|111 ; 74163:inst30|f74163:sub|122 ; inst87                      ; inst87      ; 0.000        ; 0.000      ; 3.670      ;
; 3.456  ; 74163:inst29|f74163:sub|34  ; 74163:inst29|f74163:sub|111 ; inst87                      ; inst87      ; 0.000        ; 0.000      ; 3.677      ;
; 3.521  ; 74163:inst29|f74163:sub|122 ; 74163:inst29|f74163:sub|34  ; inst87                      ; inst87      ; 0.000        ; 0.000      ; 3.742      ;
; 3.529  ; 74163:inst30|f74163:sub|111 ; 74163:inst30|f74163:sub|111 ; 74163:inst29|f74163:sub|111 ; inst87      ; 0.000        ; -0.299     ; 3.451      ;
; 3.570  ; 74163:inst30|f74163:sub|111 ; 74163:inst30|f74163:sub|134 ; 74163:inst29|f74163:sub|111 ; inst87      ; 0.000        ; -0.299     ; 3.492      ;
; 3.748  ; 74163:inst30|f74163:sub|111 ; 74163:inst30|f74163:sub|122 ; 74163:inst29|f74163:sub|111 ; inst87      ; 0.000        ; -0.299     ; 3.670      ;
; 3.925  ; 74163:inst29|f74163:sub|122 ; 74163:inst29|f74163:sub|111 ; inst87                      ; inst87      ; 0.000        ; 0.000      ; 4.146      ;
; 4.330  ; 74163:inst30|f74163:sub|34  ; 74163:inst30|f74163:sub|34  ; 74163:inst30|f74163:sub|134 ; inst87      ; 0.000        ; -2.148     ; 2.403      ;
; 4.812  ; 74163:inst30|f74163:sub|34  ; 74163:inst28|f74163:sub|34  ; inst87                      ; inst87      ; 0.000        ; -1.259     ; 3.774      ;
; 4.996  ; 74163:inst30|f74163:sub|34  ; inst24                      ; inst87                      ; inst87      ; 0.000        ; -1.259     ; 3.958      ;
; 5.057  ; 74163:inst30|f74163:sub|122 ; 74163:inst30|f74163:sub|122 ; 74163:inst30|f74163:sub|134 ; inst87      ; 0.000        ; -2.148     ; 3.130      ;
; 5.057  ; 74163:inst30|f74163:sub|34  ; 74163:inst30|f74163:sub|111 ; 74163:inst30|f74163:sub|134 ; inst87      ; 0.000        ; -2.148     ; 3.130      ;
; 5.101  ; 74163:inst30|f74163:sub|34  ; 74163:inst30|f74163:sub|134 ; 74163:inst30|f74163:sub|134 ; inst87      ; 0.000        ; -2.148     ; 3.174      ;
; 5.111  ; 74163:inst30|f74163:sub|34  ; 74163:inst28|f74163:sub|34  ; 74163:inst29|f74163:sub|111 ; inst87      ; 0.000        ; -1.558     ; 3.774      ;
; 5.220  ; 74163:inst30|f74163:sub|34  ; 74163:inst28|f74163:sub|111 ; inst87                      ; inst87      ; 0.000        ; -1.259     ; 4.182      ;
; 5.279  ; 74163:inst30|f74163:sub|34  ; 74163:inst30|f74163:sub|122 ; 74163:inst30|f74163:sub|134 ; inst87      ; 0.000        ; -2.148     ; 3.352      ;
; 5.288  ; 74163:inst30|f74163:sub|122 ; 74163:inst30|f74163:sub|134 ; 74163:inst30|f74163:sub|134 ; inst87      ; 0.000        ; -2.148     ; 3.361      ;
; 5.295  ; 74163:inst30|f74163:sub|34  ; inst24                      ; 74163:inst29|f74163:sub|111 ; inst87      ; 0.000        ; -1.558     ; 3.958      ;
; 5.378  ; 74163:inst30|f74163:sub|111 ; 74163:inst30|f74163:sub|111 ; 74163:inst30|f74163:sub|134 ; inst87      ; 0.000        ; -2.148     ; 3.451      ;
; 5.419  ; 74163:inst30|f74163:sub|111 ; 74163:inst30|f74163:sub|134 ; 74163:inst30|f74163:sub|134 ; inst87      ; 0.000        ; -2.148     ; 3.492      ;
; 5.519  ; 74163:inst30|f74163:sub|34  ; 74163:inst28|f74163:sub|111 ; 74163:inst29|f74163:sub|111 ; inst87      ; 0.000        ; -1.558     ; 4.182      ;
; 5.597  ; 74163:inst30|f74163:sub|111 ; 74163:inst30|f74163:sub|122 ; 74163:inst30|f74163:sub|134 ; inst87      ; 0.000        ; -2.148     ; 3.670      ;
; 6.450  ; 74163:inst30|f74163:sub|34  ; 74163:inst29|f74163:sub|34  ; inst87                      ; inst87      ; 0.000        ; -1.883     ; 4.788      ;
; 6.454  ; 74163:inst30|f74163:sub|34  ; 74163:inst28|f74163:sub|122 ; inst87                      ; inst87      ; 0.000        ; -1.259     ; 5.416      ;
; 6.555  ; 74163:inst30|f74163:sub|34  ; 74163:inst29|f74163:sub|122 ; inst87                      ; inst87      ; 0.000        ; -1.883     ; 4.893      ;
; 6.749  ; 74163:inst30|f74163:sub|34  ; 74163:inst29|f74163:sub|34  ; 74163:inst29|f74163:sub|111 ; inst87      ; 0.000        ; -2.182     ; 4.788      ;
; 6.753  ; 74163:inst30|f74163:sub|34  ; 74163:inst28|f74163:sub|122 ; 74163:inst29|f74163:sub|111 ; inst87      ; 0.000        ; -1.558     ; 5.416      ;
; 6.854  ; 74163:inst30|f74163:sub|34  ; 74163:inst29|f74163:sub|111 ; inst87                      ; inst87      ; 0.000        ; -1.883     ; 5.192      ;
; 6.854  ; 74163:inst30|f74163:sub|34  ; 74163:inst29|f74163:sub|122 ; 74163:inst29|f74163:sub|111 ; inst87      ; 0.000        ; -2.182     ; 4.893      ;
; 6.960  ; 74163:inst30|f74163:sub|34  ; 74163:inst28|f74163:sub|34  ; 74163:inst30|f74163:sub|134 ; inst87      ; 0.000        ; -3.407     ; 3.774      ;
; 7.144  ; 74163:inst30|f74163:sub|34  ; inst24                      ; 74163:inst30|f74163:sub|134 ; inst87      ; 0.000        ; -3.407     ; 3.958      ;
; 7.153  ; 74163:inst30|f74163:sub|34  ; 74163:inst29|f74163:sub|111 ; 74163:inst29|f74163:sub|111 ; inst87      ; 0.000        ; -2.182     ; 5.192      ;
; 7.368  ; 74163:inst30|f74163:sub|34  ; 74163:inst28|f74163:sub|111 ; 74163:inst30|f74163:sub|134 ; inst87      ; 0.000        ; -3.407     ; 4.182      ;
; 8.598  ; 74163:inst30|f74163:sub|34  ; 74163:inst29|f74163:sub|34  ; 74163:inst30|f74163:sub|134 ; inst87      ; 0.000        ; -4.031     ; 4.788      ;
; 8.602  ; 74163:inst30|f74163:sub|34  ; 74163:inst28|f74163:sub|122 ; 74163:inst30|f74163:sub|134 ; inst87      ; 0.000        ; -3.407     ; 5.416      ;
; 8.703  ; 74163:inst30|f74163:sub|34  ; 74163:inst29|f74163:sub|122 ; 74163:inst30|f74163:sub|134 ; inst87      ; 0.000        ; -4.031     ; 4.893      ;
; 9.002  ; 74163:inst30|f74163:sub|34  ; 74163:inst29|f74163:sub|111 ; 74163:inst30|f74163:sub|134 ; inst87      ; 0.000        ; -4.031     ; 5.192      ;
+--------+-----------------------------+-----------------------------+-----------------------------+-------------+--------------+------------+------------+


+------------------------------------------------------------------------------------------------------+
; Hold: 'HighFreqClock'                                                                                ;
+--------+-----------+---------+--------------+---------------+--------------+------------+------------+
; Slack  ; From Node ; To Node ; Launch Clock ; Latch Clock   ; Relationship ; Clock Skew ; Data Delay ;
+--------+-----------+---------+--------------+---------------+--------------+------------+------------+
; -3.179 ; inst86    ; inst86  ; inst86       ; HighFreqClock ; 0.000        ; 4.720      ; 2.138      ;
; -2.679 ; inst86    ; inst86  ; inst86       ; HighFreqClock ; -0.500       ; 4.720      ; 2.138      ;
+--------+-----------+---------+--------------+---------------+--------------+------------+------------+


+----------------------------------------------------------------------------------------------------+
; Hold: 'inst86'                                                                                     ;
+--------+-----------+---------+--------------+-------------+--------------+------------+------------+
; Slack  ; From Node ; To Node ; Launch Clock ; Latch Clock ; Relationship ; Clock Skew ; Data Delay ;
+--------+-----------+---------+--------------+-------------+--------------+------------+------------+
; -0.520 ; inst87    ; inst87  ; inst87       ; inst86      ; 0.000        ; 1.784      ; 1.861      ;
; -0.020 ; inst87    ; inst87  ; inst87       ; inst86      ; -0.500       ; 1.784      ; 1.861      ;
+--------+-----------+---------+--------------+-------------+--------------+------------+------------+


+-----------------------------------------------------------------------------------------------------------------------------------------------------+
; Recovery: '74163:inst29|f74163:sub|111'                                                                                                             ;
+--------+-----------------------------+---------+-----------------------------+-----------------------------+--------------+------------+------------+
; Slack  ; From Node                   ; To Node ; Launch Clock                ; Latch Clock                 ; Relationship ; Clock Skew ; Data Delay ;
+--------+-----------------------------+---------+-----------------------------+-----------------------------+--------------+------------+------------+
; -6.107 ; 74163:inst30|f74163:sub|34  ; inst96  ; 74163:inst30|f74163:sub|134 ; 74163:inst29|f74163:sub|111 ; 0.500        ; -1.670     ; 3.235      ;
; -4.258 ; 74163:inst30|f74163:sub|34  ; inst96  ; 74163:inst29|f74163:sub|111 ; 74163:inst29|f74163:sub|111 ; 0.500        ; 0.179      ; 3.235      ;
; -3.959 ; 74163:inst30|f74163:sub|34  ; inst96  ; inst87                      ; 74163:inst29|f74163:sub|111 ; 0.500        ; 0.478      ; 3.235      ;
; 1.498  ; 74163:inst30|f74163:sub|134 ; inst96  ; 74163:inst30|f74163:sub|134 ; 74163:inst29|f74163:sub|111 ; 0.500        ; 5.870      ; 3.546      ;
; 1.998  ; 74163:inst30|f74163:sub|134 ; inst96  ; 74163:inst30|f74163:sub|134 ; 74163:inst29|f74163:sub|111 ; 1.000        ; 5.870      ; 3.546      ;
+--------+-----------------------------+---------+-----------------------------+-----------------------------+--------------+------------+------------+


+-----------------------------------------------------------------------------------------------------------------------------------------------------+
; Removal: '74163:inst29|f74163:sub|111'                                                                                                              ;
+--------+-----------------------------+---------+-----------------------------+-----------------------------+--------------+------------+------------+
; Slack  ; From Node                   ; To Node ; Launch Clock                ; Latch Clock                 ; Relationship ; Clock Skew ; Data Delay ;
+--------+-----------------------------+---------+-----------------------------+-----------------------------+--------------+------------+------------+
; -2.700 ; 74163:inst30|f74163:sub|134 ; inst96  ; 74163:inst30|f74163:sub|134 ; 74163:inst29|f74163:sub|111 ; 0.000        ; 5.870      ; 3.546      ;
; -2.200 ; 74163:inst30|f74163:sub|134 ; inst96  ; 74163:inst30|f74163:sub|134 ; 74163:inst29|f74163:sub|111 ; -0.500       ; 5.870      ; 3.546      ;
; 3.257  ; 74163:inst30|f74163:sub|34  ; inst96  ; inst87                      ; 74163:inst29|f74163:sub|111 ; -0.500       ; 0.478      ; 3.235      ;
; 3.556  ; 74163:inst30|f74163:sub|34  ; inst96  ; 74163:inst29|f74163:sub|111 ; 74163:inst29|f74163:sub|111 ; -0.500       ; 0.179      ; 3.235      ;
; 5.405  ; 74163:inst30|f74163:sub|34  ; inst96  ; 74163:inst30|f74163:sub|134 ; 74163:inst29|f74163:sub|111 ; -0.500       ; -1.670     ; 3.235      ;
+--------+-----------------------------+---------+-----------------------------+-----------------------------+--------------+------------+------------+


+-------------------------------------------------------------------------------------------------------+
; Setup Transfers                                                                                       ;
+-----------------------------+-----------------------------+----------+----------+----------+----------+
; From Clock                  ; To Clock                    ; RR Paths ; FR Paths ; RF Paths ; FF Paths ;
+-----------------------------+-----------------------------+----------+----------+----------+----------+
; 74163:inst29|f74163:sub|111 ; 74163:inst29|f74163:sub|111 ; 20       ; 1        ; 0        ; 0        ;
; 74163:inst30|f74163:sub|134 ; 74163:inst29|f74163:sub|111 ; 18       ; 5        ; 0        ; 0        ;
; inst87                      ; 74163:inst29|f74163:sub|111 ; 13       ; 0        ; 0        ; 0        ;
; 74163:inst29|f74163:sub|111 ; 74163:inst30|f74163:sub|134 ; 17       ; 0        ; 0        ; 0        ;
; 74163:inst30|f74163:sub|134 ; 74163:inst30|f74163:sub|134 ; 12       ; 3        ; 0        ; 0        ;
; inst87                      ; 74163:inst30|f74163:sub|134 ; 9        ; 0        ; 0        ; 0        ;
; inst86                      ; HighFreqClock               ; 1        ; 1        ; 0        ; 0        ;
; inst87                      ; inst86                      ; 1        ; 1        ; 0        ; 0        ;
; 74163:inst29|f74163:sub|111 ; inst87                      ; 25       ; 5        ; 0        ; 0        ;
; 74163:inst30|f74163:sub|134 ; inst87                      ; 32       ; 12       ; 0        ; 0        ;
; inst87                      ; inst87                      ; 38       ; 0        ; 0        ; 0        ;
+-----------------------------+-----------------------------+----------+----------+----------+----------+
Entries labeled "false path" only account for clock-to-clock false paths and not path-based false paths. As a result, actual path counts may be lower than reported.


+-------------------------------------------------------------------------------------------------------+
; Hold Transfers                                                                                        ;
+-----------------------------+-----------------------------+----------+----------+----------+----------+
; From Clock                  ; To Clock                    ; RR Paths ; FR Paths ; RF Paths ; FF Paths ;
+-----------------------------+-----------------------------+----------+----------+----------+----------+
; 74163:inst29|f74163:sub|111 ; 74163:inst29|f74163:sub|111 ; 20       ; 1        ; 0        ; 0        ;
; 74163:inst30|f74163:sub|134 ; 74163:inst29|f74163:sub|111 ; 18       ; 5        ; 0        ; 0        ;
; inst87                      ; 74163:inst29|f74163:sub|111 ; 13       ; 0        ; 0        ; 0        ;
; 74163:inst29|f74163:sub|111 ; 74163:inst30|f74163:sub|134 ; 17       ; 0        ; 0        ; 0        ;
; 74163:inst30|f74163:sub|134 ; 74163:inst30|f74163:sub|134 ; 12       ; 3        ; 0        ; 0        ;
; inst87                      ; 74163:inst30|f74163:sub|134 ; 9        ; 0        ; 0        ; 0        ;
; inst86                      ; HighFreqClock               ; 1        ; 1        ; 0        ; 0        ;
; inst87                      ; inst86                      ; 1        ; 1        ; 0        ; 0        ;
; 74163:inst29|f74163:sub|111 ; inst87                      ; 25       ; 5        ; 0        ; 0        ;
; 74163:inst30|f74163:sub|134 ; inst87                      ; 32       ; 12       ; 0        ; 0        ;
; inst87                      ; inst87                      ; 38       ; 0        ; 0        ; 0        ;
+-----------------------------+-----------------------------+----------+----------+----------+----------+
Entries labeled "false path" only account for clock-to-clock false paths and not path-based false paths. As a result, actual path counts may be lower than reported.


+-------------------------------------------------------------------------------------------------------+
; Recovery Transfers                                                                                    ;
+-----------------------------+-----------------------------+----------+----------+----------+----------+
; From Clock                  ; To Clock                    ; RR Paths ; FR Paths ; RF Paths ; FF Paths ;
+-----------------------------+-----------------------------+----------+----------+----------+----------+
; 74163:inst29|f74163:sub|111 ; 74163:inst29|f74163:sub|111 ; 0        ; 0        ; 1        ; 0        ;
; 74163:inst30|f74163:sub|134 ; 74163:inst29|f74163:sub|111 ; 0        ; 0        ; 2        ; 1        ;
; inst87                      ; 74163:inst29|f74163:sub|111 ; 0        ; 0        ; 1        ; 0        ;
+-----------------------------+-----------------------------+----------+----------+----------+----------+
Entries labeled "false path" only account for clock-to-clock false paths and not path-based false paths. As a result, actual path counts may be lower than reported.


+-------------------------------------------------------------------------------------------------------+
; Removal Transfers                                                                                     ;
+-----------------------------+-----------------------------+----------+----------+----------+----------+
; From Clock                  ; To Clock                    ; RR Paths ; FR Paths ; RF Paths ; FF Paths ;
+-----------------------------+-----------------------------+----------+----------+----------+----------+
; 74163:inst29|f74163:sub|111 ; 74163:inst29|f74163:sub|111 ; 0        ; 0        ; 1        ; 0        ;
; 74163:inst30|f74163:sub|134 ; 74163:inst29|f74163:sub|111 ; 0        ; 0        ; 2        ; 1        ;
; inst87                      ; 74163:inst29|f74163:sub|111 ; 0        ; 0        ; 1        ; 0        ;
+-----------------------------+-----------------------------+----------+----------+----------+----------+
Entries labeled "false path" only account for clock-to-clock false paths and not path-based false paths. As a result, actual path counts may be lower than reported.


---------------
; Report TCCS ;
---------------
No dedicated SERDES Transmitter circuitry present in device or used in design


---------------
; Report RSKM ;
---------------
No non-DPA dedicated SERDES Receiver circuitry present in device or used in design


+------------------------------------------------+
; Unconstrained Paths Summary                    ;
+---------------------------------+-------+------+
; Property                        ; Setup ; Hold ;
+---------------------------------+-------+------+
; Illegal Clocks                  ; 0     ; 0    ;
; Unconstrained Clocks            ; 0     ; 0    ;
; Unconstrained Input Ports       ; 3     ; 3    ;
; Unconstrained Input Port Paths  ; 26    ; 26   ;
; Unconstrained Output Ports      ; 30    ; 30   ;
; Unconstrained Output Port Paths ; 76    ; 76   ;
+---------------------------------+-------+------+


+--------------------------------------------------------------------------------+
; Clock Status Summary                                                           ;
+-----------------------------+-----------------------------+------+-------------+
; Target                      ; Clock                       ; Type ; Status      ;
+-----------------------------+-----------------------------+------+-------------+
; 74163:inst29|f74163:sub|111 ; 74163:inst29|f74163:sub|111 ; Base ; Constrained ;
; 74163:inst30|f74163:sub|134 ; 74163:inst30|f74163:sub|134 ; Base ; Constrained ;
; HighFreqClock               ; HighFreqClock               ; Base ; Constrained ;
; inst86                      ; inst86                      ; Base ; Constrained ;
; inst87                      ; inst87                      ; Base ; Constrained ;
+-----------------------------+-----------------------------+------+-------------+


+-----------------------------------------------------------------------------------------------------------+
; Unconstrained Input Ports                                                                                 ;
+--------------------+--------------------------------------------------------------------------------------+
; Input Port         ; Comment                                                                              ;
+--------------------+--------------------------------------------------------------------------------------+
; Reset              ; No input delay, min/max delays, false-path exceptions, or max skew assignments found ;
; Serial             ; No input delay, min/max delays, false-path exceptions, or max skew assignments found ;
; ShiftRegisterReset ; No input delay, min/max delays, false-path exceptions, or max skew assignments found ;
+--------------------+--------------------------------------------------------------------------------------+


+--------------------------------------------------------------------------------------------------------+
; Unconstrained Output Ports                                                                             ;
+----------------+---------------------------------------------------------------------------------------+
; Output Port    ; Comment                                                                               ;
+----------------+---------------------------------------------------------------------------------------+
; A_out          ; No output delay, min/max delays, false-path exceptions, or max skew assignments found ;
; A_out2         ; No output delay, min/max delays, false-path exceptions, or max skew assignments found ;
; B_out          ; No output delay, min/max delays, false-path exceptions, or max skew assignments found ;
; B_out2         ; No output delay, min/max delays, false-path exceptions, or max skew assignments found ;
; BigReset       ; No output delay, min/max delays, false-path exceptions, or max skew assignments found ;
; CLEAR          ; No output delay, min/max delays, false-path exceptions, or max skew assignments found ;
; CLOCK          ; No output delay, min/max delays, false-path exceptions, or max skew assignments found ;
; C_out          ; No output delay, min/max delays, false-path exceptions, or max skew assignments found ;
; C_out2         ; No output delay, min/max delays, false-path exceptions, or max skew assignments found ;
; Count8         ; No output delay, min/max delays, false-path exceptions, or max skew assignments found ;
; D_out          ; No output delay, min/max delays, false-path exceptions, or max skew assignments found ;
; D_out2         ; No output delay, min/max delays, false-path exceptions, or max skew assignments found ;
; E_out          ; No output delay, min/max delays, false-path exceptions, or max skew assignments found ;
; E_out2         ; No output delay, min/max delays, false-path exceptions, or max skew assignments found ;
; F_out          ; No output delay, min/max delays, false-path exceptions, or max skew assignments found ;
; F_out2         ; No output delay, min/max delays, false-path exceptions, or max skew assignments found ;
; G_out          ; No output delay, min/max delays, false-path exceptions, or max skew assignments found ;
; G_out2         ; No output delay, min/max delays, false-path exceptions, or max skew assignments found ;
; HighAfter10    ; No output delay, min/max delays, false-path exceptions, or max skew assignments found ;
; LowFor4        ; No output delay, min/max delays, false-path exceptions, or max skew assignments found ;
; LowFor4Latched ; No output delay, min/max delays, false-path exceptions, or max skew assignments found ;
; S              ; No output delay, min/max delays, false-path exceptions, or max skew assignments found ;
; SerialOut      ; No output delay, min/max delays, false-path exceptions, or max skew assignments found ;
; T              ; No output delay, min/max delays, false-path exceptions, or max skew assignments found ;
; U              ; No output delay, min/max delays, false-path exceptions, or max skew assignments found ;
; V              ; No output delay, min/max delays, false-path exceptions, or max skew assignments found ;
; W              ; No output delay, min/max delays, false-path exceptions, or max skew assignments found ;
; X              ; No output delay, min/max delays, false-path exceptions, or max skew assignments found ;
; Y              ; No output delay, min/max delays, false-path exceptions, or max skew assignments found ;
; Z              ; No output delay, min/max delays, false-path exceptions, or max skew assignments found ;
+----------------+---------------------------------------------------------------------------------------+


+-----------------------------------------------------------------------------------------------------------+
; Unconstrained Input Ports                                                                                 ;
+--------------------+--------------------------------------------------------------------------------------+
; Input Port         ; Comment                                                                              ;
+--------------------+--------------------------------------------------------------------------------------+
; Reset              ; No input delay, min/max delays, false-path exceptions, or max skew assignments found ;
; Serial             ; No input delay, min/max delays, false-path exceptions, or max skew assignments found ;
; ShiftRegisterReset ; No input delay, min/max delays, false-path exceptions, or max skew assignments found ;
+--------------------+--------------------------------------------------------------------------------------+


+--------------------------------------------------------------------------------------------------------+
; Unconstrained Output Ports                                                                             ;
+----------------+---------------------------------------------------------------------------------------+
; Output Port    ; Comment                                                                               ;
+----------------+---------------------------------------------------------------------------------------+
; A_out          ; No output delay, min/max delays, false-path exceptions, or max skew assignments found ;
; A_out2         ; No output delay, min/max delays, false-path exceptions, or max skew assignments found ;
; B_out          ; No output delay, min/max delays, false-path exceptions, or max skew assignments found ;
; B_out2         ; No output delay, min/max delays, false-path exceptions, or max skew assignments found ;
; BigReset       ; No output delay, min/max delays, false-path exceptions, or max skew assignments found ;
; CLEAR          ; No output delay, min/max delays, false-path exceptions, or max skew assignments found ;
; CLOCK          ; No output delay, min/max delays, false-path exceptions, or max skew assignments found ;
; C_out          ; No output delay, min/max delays, false-path exceptions, or max skew assignments found ;
; C_out2         ; No output delay, min/max delays, false-path exceptions, or max skew assignments found ;
; Count8         ; No output delay, min/max delays, false-path exceptions, or max skew assignments found ;
; D_out          ; No output delay, min/max delays, false-path exceptions, or max skew assignments found ;
; D_out2         ; No output delay, min/max delays, false-path exceptions, or max skew assignments found ;
; E_out          ; No output delay, min/max delays, false-path exceptions, or max skew assignments found ;
; E_out2         ; No output delay, min/max delays, false-path exceptions, or max skew assignments found ;
; F_out          ; No output delay, min/max delays, false-path exceptions, or max skew assignments found ;
; F_out2         ; No output delay, min/max delays, false-path exceptions, or max skew assignments found ;
; G_out          ; No output delay, min/max delays, false-path exceptions, or max skew assignments found ;
; G_out2         ; No output delay, min/max delays, false-path exceptions, or max skew assignments found ;
; HighAfter10    ; No output delay, min/max delays, false-path exceptions, or max skew assignments found ;
; LowFor4        ; No output delay, min/max delays, false-path exceptions, or max skew assignments found ;
; LowFor4Latched ; No output delay, min/max delays, false-path exceptions, or max skew assignments found ;
; S              ; No output delay, min/max delays, false-path exceptions, or max skew assignments found ;
; SerialOut      ; No output delay, min/max delays, false-path exceptions, or max skew assignments found ;
; T              ; No output delay, min/max delays, false-path exceptions, or max skew assignments found ;
; U              ; No output delay, min/max delays, false-path exceptions, or max skew assignments found ;
; V              ; No output delay, min/max delays, false-path exceptions, or max skew assignments found ;
; W              ; No output delay, min/max delays, false-path exceptions, or max skew assignments found ;
; X              ; No output delay, min/max delays, false-path exceptions, or max skew assignments found ;
; Y              ; No output delay, min/max delays, false-path exceptions, or max skew assignments found ;
; Z              ; No output delay, min/max delays, false-path exceptions, or max skew assignments found ;
+----------------+---------------------------------------------------------------------------------------+


+--------------------------+
; Timing Analyzer Messages ;
+--------------------------+
Info: *******************************************************************
Info: Running Quartus Prime Timing Analyzer
    Info: Version 22.1std.2 Build 922 07/20/2023 SC Lite Edition
    Info: Processing started: Tue Nov 28 23:28:49 2023
Info: Command: quartus_sta WholeThing -c WholeThing
Info: qsta_default_script.tcl version: #1
Warning (18236): Number of processors has not been specified which may cause overloading on shared machines.  Set the global assignment NUM_PARALLEL_PROCESSORS in your QSF to an appropriate value for best performance.
Info (20030): Parallel compilation is enabled and will use 4 of the 4 processors detected
Info (21077): Low junction temperature is 0 degrees C
Info (21077): High junction temperature is 85 degrees C
Info (334003): Started post-fitting delay annotation
Info (334004): Delay annotation completed successfully
Warning (335093): The Timing Analyzer is analyzing 1 combinational loops as latches. For more details, run the Check Timing command in the Timing Analyzer or view the "User-Specified and Inferred Latches" table in the Analysis & Synthesis report.
Critical Warning (332012): Synopsys Design Constraints File file not found: 'WholeThing.sdc'. A Synopsys Design Constraints File is required by the Timing Analyzer to get proper timing constraints. Without it, the Compiler will not properly optimize the design.
Info (332142): No user constrained base clocks found in the design. Calling "derive_clocks -period 1.0"
Info (332105): Deriving Clocks
    Info (332105): create_clock -period 1.000 -name 74163:inst30|f74163:sub|134 74163:inst30|f74163:sub|134
    Info (332105): create_clock -period 1.000 -name inst87 inst87
    Info (332105): create_clock -period 1.000 -name inst86 inst86
    Info (332105): create_clock -period 1.000 -name 74163:inst29|f74163:sub|111 74163:inst29|f74163:sub|111
    Info (332105): create_clock -period 1.000 -name HighFreqClock HighFreqClock
Warning (332191): Clock target 74163:inst30|f74163:sub|134 of clock 74163:inst30|f74163:sub|134 is fed by another target of the same clock.
Info: Found TIMING_ANALYZER_REPORT_SCRIPT_INCLUDE_DEFAULT_ANALYSIS = ON
Info: Can't run Report Timing Closure Recommendations. The current device family is not supported.
Critical Warning (332148): Timing requirements not met
Info (332146): Worst-case setup slack is -8.556
    Info (332119):     Slack       End Point TNS Clock 
    Info (332119): ========= =================== =====================
    Info (332119):    -8.556             -74.338 inst87 
    Info (332119):    -5.293             -31.192 74163:inst29|f74163:sub|111 
    Info (332119):    -3.444             -14.149 74163:inst30|f74163:sub|134 
    Info (332119):     0.466               0.000 inst86 
    Info (332119):     3.125               0.000 HighFreqClock 
Info (332146): Worst-case hold slack is -4.415
    Info (332119):     Slack       End Point TNS Clock 
    Info (332119): ========= =================== =====================
    Info (332119):    -4.415             -11.851 74163:inst30|f74163:sub|134 
    Info (332119):    -3.766             -10.070 74163:inst29|f74163:sub|111 
    Info (332119):    -3.467             -11.662 inst87 
    Info (332119):    -3.179              -3.179 HighFreqClock 
    Info (332119):    -0.520              -0.520 inst86 
Info (332146): Worst-case recovery slack is -6.107
    Info (332119):     Slack       End Point TNS Clock 
    Info (332119): ========= =================== =====================
    Info (332119):    -6.107              -6.107 74163:inst29|f74163:sub|111 
Info (332146): Worst-case removal slack is -2.700
    Info (332119):     Slack       End Point TNS Clock 
    Info (332119): ========= =================== =====================
    Info (332119):    -2.700              -2.700 74163:inst29|f74163:sub|111 
Info (332146): Worst-case minimum pulse width slack is -2.289
    Info (332119):     Slack       End Point TNS Clock 
    Info (332119): ========= =================== =====================
    Info (332119):    -2.289              -2.289 HighFreqClock 
    Info (332119):     0.234               0.000 74163:inst29|f74163:sub|111 
    Info (332119):     0.234               0.000 74163:inst30|f74163:sub|134 
    Info (332119):     0.234               0.000 inst86 
    Info (332119):     0.234               0.000 inst87 
Info (332001): The selected device family is not supported by the report_metastability command.
Info (332102): Design is not fully constrained for setup requirements
Info (332102): Design is not fully constrained for hold requirements
Info: Quartus Prime Timing Analyzer was successful. 0 errors, 5 warnings
    Info: Peak virtual memory: 343 megabytes
    Info: Processing ended: Tue Nov 28 23:28:50 2023
    Info: Elapsed time: 00:00:01
    Info: Total CPU time (on all processors): 00:00:00


