------------------------------------------------------------
Timing Analyzer Summary
------------------------------------------------------------

Type  : Setup 'inst87'
Slack : -8.556
TNS   : -74.338

Type  : Setup '74163:inst29|f74163:sub|111'
Slack : -5.293
TNS   : -31.807

Type  : Setup '74163:inst30|f74163:sub|134'
Slack : -3.444
TNS   : -14.766

Type  : Setup 'inst86'
Slack : 0.466
TNS   : 0.000

Type  : Setup 'HighFreqClock'
Slack : 3.125
TNS   : 0.000

Type  : Hold '74163:inst30|f74163:sub|134'
Slack : -4.415
TNS   : -11.851

Type  : Hold '74163:inst29|f74163:sub|111'
Slack : -3.766
TNS   : -10.070

Type  : Hold 'inst87'
Slack : -3.467
TNS   : -11.662

Type  : Hold 'HighFreqClock'
Slack : -3.179
TNS   : -3.179

Type  : Hold 'inst86'
Slack : -0.520
TNS   : -0.520

Type  : Recovery '74163:inst29|f74163:sub|111'
Slack : -6.107
TNS   : -6.107

Type  : Removal '74163:inst29|f74163:sub|111'
Slack : -2.700
TNS   : -2.700

Type  : Minimum Pulse Width 'HighFreqClock'
Slack : -2.289
TNS   : -2.289

Type  : Minimum Pulse Width '74163:inst29|f74163:sub|111'
Slack : 0.234
TNS   : 0.000

Type  : Minimum Pulse Width '74163:inst30|f74163:sub|134'
Slack : 0.234
TNS   : 0.000

Type  : Minimum Pulse Width 'inst86'
Slack : 0.234
TNS   : 0.000

Type  : Minimum Pulse Width 'inst87'
Slack : 0.234
TNS   : 0.000

------------------------------------------------------------
