------------------------------------------------------------
Timing Analyzer Summary
------------------------------------------------------------

Type  : Setup 'inst87'
Slack : -8.871
TNS   : -82.972

Type  : Setup '74163:inst29|f74163:sub|111'
Slack : -4.714
TNS   : -29.188

Type  : Setup '74163:inst30|f74163:sub|134'
Slack : -3.756
TNS   : -10.249

Type  : Setup 'inst86'
Slack : 0.819
TNS   : 0.000

Type  : Setup 'HighFreqClock'
Slack : 3.403
TNS   : 0.000

Type  : Hold '74163:inst30|f74163:sub|134'
Slack : -5.110
TNS   : -15.320

Type  : Hold '74163:inst29|f74163:sub|111'
Slack : -4.805
TNS   : -17.251

Type  : Hold 'HighFreqClock'
Slack : -3.457
TNS   : -3.457

Type  : Hold 'inst87'
Slack : -2.498
TNS   : -13.965

Type  : Hold 'inst86'
Slack : -0.873
TNS   : -0.873

Type  : Recovery '74163:inst29|f74163:sub|111'
Slack : -6.848
TNS   : -6.848

Type  : Removal '74163:inst29|f74163:sub|111'
Slack : -3.513
TNS   : -3.513

Type  : Minimum Pulse Width 'HighFreqClock'
Slack : -2.289
TNS   : -2.289

Type  : Minimum Pulse Width '74163:inst29|f74163:sub|111'
Slack : 0.234
TNS   : 0.000

Type  : Minimum Pulse Width '74163:inst30|f74163:sub|134'
Slack : 0.234
TNS   : 0.000

Type  : Minimum Pulse Width 'inst86'
Slack : 0.234
TNS   : 0.000

Type  : Minimum Pulse Width 'inst87'
Slack : 0.234
TNS   : 0.000

------------------------------------------------------------
